Component: ARM Compiler 5.06 update 6 (build 750) Tool: armlink [4d35ed]

==============================================================================

Section Cross References

    startup_stm32f407xx.o(STACK) refers (Special) to heapauxi.o(.text) for __use_two_region_memory
    startup_stm32f407xx.o(HEAP) refers (Special) to heapauxi.o(.text) for __use_two_region_memory
    startup_stm32f407xx.o(RESET) refers (Special) to heapauxi.o(.text) for __use_two_region_memory
    startup_stm32f407xx.o(RESET) refers to startup_stm32f407xx.o(STACK) for __initial_sp
    startup_stm32f407xx.o(RESET) refers to startup_stm32f407xx.o(.text) for Reset_Handler
    startup_stm32f407xx.o(RESET) refers to stm32f4xx_it.o(i.NMI_Handler) for NMI_Handler
    startup_stm32f407xx.o(RESET) refers to stm32f4xx_it.o(i.HardFault_Handler) for HardFault_Handler
    startup_stm32f407xx.o(RESET) refers to stm32f4xx_it.o(i.MemManage_Handler) for MemManage_Handler
    startup_stm32f407xx.o(RESET) refers to stm32f4xx_it.o(i.BusFault_Handler) for BusFault_Handler
    startup_stm32f407xx.o(RESET) refers to stm32f4xx_it.o(i.UsageFault_Handler) for UsageFault_Handler
    startup_stm32f407xx.o(RESET) refers to stm32f4xx_it.o(i.SVC_Handler) for SVC_Handler
    startup_stm32f407xx.o(RESET) refers to stm32f4xx_it.o(i.DebugMon_Handler) for DebugMon_Handler
    startup_stm32f407xx.o(RESET) refers to stm32f4xx_it.o(i.PendSV_Handler) for PendSV_Handler
    startup_stm32f407xx.o(RESET) refers to stm32f4xx_it.o(i.SysTick_Handler) for SysTick_Handler
    startup_stm32f407xx.o(RESET) refers to stm32f4xx_it.o(i.OTG_FS_IRQHandler) for OTG_FS_IRQHandler
    startup_stm32f407xx.o(.text) refers (Special) to heapauxi.o(.text) for __use_two_region_memory
    startup_stm32f407xx.o(.text) refers to system_stm32f4xx.o(i.SystemInit) for SystemInit
    startup_stm32f407xx.o(.text) refers to __main.o(!!!main) for __main
    startup_stm32f407xx.o(.text) refers to startup_stm32f407xx.o(HEAP) for Heap_Mem
    startup_stm32f407xx.o(.text) refers to startup_stm32f407xx.o(STACK) for Stack_Mem
    system_stm32f4xx.o(i.SystemCoreClockUpdate) refers to system_stm32f4xx.o(.data) for SystemCoreClock
    system_stm32f4xx.o(i.SystemCoreClockUpdate) refers to system_stm32f4xx.o(.constdata) for AHBPrescTable
    stm32f4xx_hal_pcd.o(i.HAL_PCD_ActivateRemoteWakeup) refers to stm32f4xx_ll_usb.o(i.USB_ActivateRemoteWakeup) for USB_ActivateRemoteWakeup
    stm32f4xx_hal_pcd.o(i.HAL_PCD_DeActivateRemoteWakeup) refers to stm32f4xx_ll_usb.o(i.USB_DeActivateRemoteWakeup) for USB_DeActivateRemoteWakeup
    stm32f4xx_hal_pcd.o(i.HAL_PCD_DeInit) refers to stm32f4xx_hal_pcd.o(i.HAL_PCD_Stop) for HAL_PCD_Stop
    stm32f4xx_hal_pcd.o(i.HAL_PCD_DeInit) refers to usbd_conf.o(i.HAL_PCD_MspDeInit) for HAL_PCD_MspDeInit
    stm32f4xx_hal_pcd.o(i.HAL_PCD_DevConnect) refers to stm32f4xx_ll_usb.o(i.USB_DevConnect) for USB_DevConnect
    stm32f4xx_hal_pcd.o(i.HAL_PCD_DevDisconnect) refers to stm32f4xx_ll_usb.o(i.USB_DevDisconnect) for USB_DevDisconnect
    stm32f4xx_hal_pcd.o(i.HAL_PCD_EP_Close) refers to stm32f4xx_ll_usb.o(i.USB_DeactivateEndpoint) for USB_DeactivateEndpoint
    stm32f4xx_hal_pcd.o(i.HAL_PCD_EP_ClrStall) refers to stm32f4xx_ll_usb.o(i.USB_EPClearStall) for USB_EPClearStall
    stm32f4xx_hal_pcd.o(i.HAL_PCD_EP_Flush) refers to stm32f4xx_ll_usb.o(i.USB_FlushTxFifo) for USB_FlushTxFifo
    stm32f4xx_hal_pcd.o(i.HAL_PCD_EP_Flush) refers to stm32f4xx_ll_usb.o(i.USB_FlushRxFifo) for USB_FlushRxFifo
    stm32f4xx_hal_pcd.o(i.HAL_PCD_EP_Open) refers to stm32f4xx_ll_usb.o(i.USB_ActivateEndpoint) for USB_ActivateEndpoint
    stm32f4xx_hal_pcd.o(i.HAL_PCD_EP_Receive) refers to stm32f4xx_ll_usb.o(i.USB_EP0StartXfer) for USB_EP0StartXfer
    stm32f4xx_hal_pcd.o(i.HAL_PCD_EP_Receive) refers to stm32f4xx_ll_usb.o(i.USB_EPStartXfer) for USB_EPStartXfer
    stm32f4xx_hal_pcd.o(i.HAL_PCD_EP_SetStall) refers to stm32f4xx_ll_usb.o(i.USB_EPSetStall) for USB_EPSetStall
    stm32f4xx_hal_pcd.o(i.HAL_PCD_EP_SetStall) refers to stm32f4xx_ll_usb.o(i.USB_EP0_OutStart) for USB_EP0_OutStart
    stm32f4xx_hal_pcd.o(i.HAL_PCD_EP_Transmit) refers to stm32f4xx_ll_usb.o(i.USB_EP0StartXfer) for USB_EP0StartXfer
    stm32f4xx_hal_pcd.o(i.HAL_PCD_EP_Transmit) refers to stm32f4xx_ll_usb.o(i.USB_EPStartXfer) for USB_EPStartXfer
    stm32f4xx_hal_pcd.o(i.HAL_PCD_IRQHandler) refers to stm32f4xx_ll_usb.o(i.USB_GetMode) for USB_GetMode
    stm32f4xx_hal_pcd.o(i.HAL_PCD_IRQHandler) refers to stm32f4xx_ll_usb.o(i.USB_ReadInterrupts) for USB_ReadInterrupts
    stm32f4xx_hal_pcd.o(i.HAL_PCD_IRQHandler) refers to stm32f4xx_ll_usb.o(i.USB_ReadDevAllOutEpInterrupt) for USB_ReadDevAllOutEpInterrupt
    stm32f4xx_hal_pcd.o(i.HAL_PCD_IRQHandler) refers to stm32f4xx_ll_usb.o(i.USB_ReadDevOutEPInterrupt) for USB_ReadDevOutEPInterrupt
    stm32f4xx_hal_pcd.o(i.HAL_PCD_IRQHandler) refers to stm32f4xx_hal_pcd.o(i.PCD_EP_OutXfrComplete_int) for PCD_EP_OutXfrComplete_int
[...]
    FMC_IRQHandler                           0x0800028f   Thumb Code     0  startup_stm32f407xx.o(.text)
    FPU_IRQHandler                           0x0800028f   Thumb Code     0  startup_stm32f407xx.o(.text)
    HASH_RNG_IRQHandler                      0x0800028f   Thumb Code     0  startup_stm32f407xx.o(.text)
    I2C1_ER_IRQHandler                       0x0800028f   Thumb Code     0  startup_stm32f407xx.o(.text)
    I2C1_EV_IRQHandler                       0x0800028f   Thumb Code     0  startup_stm32f407xx.o(.text)
    I2C2_ER_IRQHandler                       0x0800028f   Thumb Code     0  startup_stm32f407xx.o(.text)
    I2C2_EV_IRQHandler                       0x0800028f   Thumb Code     0  startup_stm32f407xx.o(.text)
    I2C3_ER_IRQHandler                       0x0800028f   Thumb Code     0  startup_stm32f407xx.o(.text)
    I2C3_EV_IRQHandler                       0x0800028f   Thumb Code     0  startup_stm32f407xx.o(.text)
    OTG_FS_WKUP_IRQHandler                   0x0800028f   Thumb Code     0  startup_stm32f407xx.o(.text)
    OTG_HS_EP1_IN_IRQHandler                 0x0800028f   Thumb Code     0  startup_stm32f407xx.o(.text)
    OTG_HS_EP1_OUT_IRQHandler                0x0800028f   Thumb Code     0  startup_stm32f407xx.o(.text)
    OTG_HS_IRQHandler                        0x0800028f   Thumb Code     0  startup_stm32f407xx.o(.text)
    OTG_HS_WKUP_IRQHandler                   0x0800028f   Thumb Code     0  startup_stm32f407xx.o(.text)
    PVD_IRQHandler                           0x0800028f   Thumb Code     0  startup_stm32f407xx.o(.text)
    RCC_IRQHandler                           0x0800028f   Thumb Code     0  startup_stm32f407xx.o(.text)
    RTC_Alarm_IRQHandler                     0x0800028f   Thumb Code     0  startup_stm32f407xx.o(.text)
    RTC_WKUP_IRQHandler                      0x0800028f   Thumb Code     0  startup_stm32f407xx.o(.text)
    SDIO_IRQHandler                          0x0800028f   Thumb Code     0  startup_stm32f407xx.o(.text)
    SPI1_IRQHandler                          0x0800028f   Thumb Code     0  startup_stm32f407xx.o(.text)
    SPI2_IRQHandler                          0x0800028f   Thumb Code     0  startup_stm32f407xx.o(.text)
    SPI3_IRQHandler                          0x0800028f   Thumb Code     0  startup_stm32f407xx.o(.text)
    TAMP_STAMP_IRQHandler                    0x0800028f   Thumb Code     0  startup_stm32f407xx.o(.text)
    TIM1_BRK_TIM9_IRQHandler                 0x0800028f   Thumb Code     0  startup_stm32f407xx.o(.text)
    TIM1_CC_IRQHandler                       0x0800028f   Thumb Code     0  startup_stm32f407xx.o(.text)
    TIM1_TRG_COM_TIM11_IRQHandler            0x0800028f   Thumb Code     0  startup_stm32f407xx.o(.text)
    TIM1_UP_TIM10_IRQHandler                 0x0800028f   Thumb Code     0  startup_stm32f407xx.o(.text)
    TIM2_IRQHandler                          0x0800028f   Thumb Code     0  startup_stm32f407xx.o(.text)
    TIM3_IRQHandler                          0x0800028f   Thumb Code     0  startup_stm32f407xx.o(.text)
    TIM4_IRQHandler                          0x0800028f   Thumb Code     0  startup_stm32f407xx.o(.text)
    TIM5_IRQHandler                          0x0800028f   Thumb Code     0  startup_stm32f407xx.o(.text)
    TIM6_DAC_IRQHandler                      0x0800028f   Thumb Code     0  startup_stm32f407xx.o(.text)
    TIM7_IRQHandler                          0x0800028f   Thumb Code     0  startup_stm32f407xx.o(.text)
    TIM8_BRK_TIM12_IRQHandler                0x0800028f   Thumb Code     0  startup_stm32f407xx.o(.text)
    TIM8_CC_IRQHandler                       0x0800028f   Thumb Code     0  startup_stm32f407xx.o(.text)
    TIM8_TRG_COM_TIM14_IRQHandler            0x0800028f   Thumb Code     0  startup_stm32f407xx.o(.text)
    TIM8_UP_TIM13_IRQHandler                 0x0800028f   Thumb Code     0  startup_stm32f407xx.o(.text)
    UART4_IRQHandler                         0x0800028f   Thumb Code     0  startup_stm32f407xx.o(.text)
    UART5_IRQHandler                         0x0800028f   Thumb Code     0  startup_stm32f407xx.o(.text)
    USART1_IRQHandler                        0x0800028f   Thumb Code     0  startup_stm32f407xx.o(.text)
    USART2_IRQHandler                        0x0800028f   Thumb Code     0  startup_stm32f407xx.o(.text)
    USART3_IRQHandler                        0x0800028f   Thumb Code     0  startup_stm32f407xx.o(.text)
    USART6_IRQHandler                        0x0800028f   Thumb Code     0  startup_stm32f407xx.o(.text)
    WWDG_IRQHandler                          0x0800028f   Thumb Code     0  startup_stm32f407xx.o(.text)
    __user_initial_stackheap                 0x08000291   Thumb Code     0  startup_stm32f407xx.o(.text)
    malloc                                   0x080002b5   Thumb Code    94  h1_alloc.o(.text)
    free                                     0x08000313   Thumb Code    78  h1_free.o(.text)
    realloc                                  0x08000361   Thumb Code   184  h1_realloc.o(.text)
    __aeabi_uldivmod                         0x08000419   Thumb Code     0  lludivv7m.o(.text)
    _ll_udiv                                 0x08000419   Thumb Code   238  lludivv7m.o(.text)
    strlen                                   0x08000507   Thumb Code    62  strlen.o(.text)
    __aeabi_memcpy                           0x08000545   Thumb Code     0  rt_memcpy_v6.o(.text)
    __rt_memcpy                              0x08000545   Thumb Code   138  rt_memcpy_v6.o(.text)
    _memcpy_lastbytes                        0x080005ab   Thumb Code     0  rt_memcpy_v6.o(.text)
    __aeabi_memcpy4                          0x080005cf   Thumb Code     0  rt_memcpy_w.o(.text)
    __aeabi_memcpy8                          0x080005cf   Thumb Code     0  rt_memcpy_w.o(.text)
    __rt_memcpy_w                            0x080005cf   Thumb Code   100  rt_memcpy_w.o(.text)
    _memcpy_lastbytes_aligned                0x08000617   Thumb Code     0  rt_memcpy_w.o(.text)
    __aeabi_memclr4                          0x08000633   Thumb Code     0  rt_memclr_w.o(.text)
    __aeabi_memclr8                          0x08000633   Thumb Code     0  rt_memclr_w.o(.text)
    __rt_memclr_w                            0x08000633   Thumb Code    78  rt_memclr_w.o(.text)
    _memset_w                                0x08000637   Thumb Code     0  rt_memclr_w.o(.text)
    __use_two_region_memory                  0x08000681   Thumb Code     2  heapauxi.o(.text)
    __rt_heap_escrow                         0x08000683   Thumb Code     2  heapauxi.o(.text)
    __rt_heap_expand                         0x08000685   Thumb Code     2  heapauxi.o(.text)
    __cpp_initialize__aeabi_                 0x08000689   Thumb Code    26  init_aeabi.o(.text)
    __rt_heap_descriptor                     0x080006ad   Thumb Code     8  rt_heap_descriptor_intlibspace.o(.text)
    __use_no_heap                            0x080006b5   Thumb Code     2  hguard.o(.text)
    __heap$guard                             0x080006b7   Thumb Code     2  hguard.o(.text)
    _terminate_user_alloc                    0x080006b9   Thumb Code     2  init_alloc.o(.text)
    _init_user_alloc                         0x080006bb   Thumb Code     2  init_alloc.o(.text)
    __Heap_Full                              0x080006bd   Thumb Code    34  init_alloc.o(.text)
    __Heap_Broken                            0x080006df   Thumb Code     6  init_alloc.o(.text)
    _init_alloc                              0x080006e5   Thumb Code    94  init_alloc.o(.text)
    __Heap_Initialize                        0x08000743   Thumb Code    10  h1_init.o(.text)
    __Heap_DescSize                          0x0800074d   Thumb Code     4  h1_init.o(.text)
    __rt_SIGPVFN                             0x08000751   Thumb Code    14  defsig_pvfn_outer.o(.text)
    __user_libspace                          0x08000761   Thumb Code     8  libspace.o(.text)
    __user_perproc_libspace                  0x08000761   Thumb Code     0  libspace.o(.text)
    __user_perthread_libspace                0x08000761   Thumb Code     0  libspace.o(.text)
    __Heap_ProvideMemory                     0x08000769   Thumb Code    52  h1_extend.o(.text)
    __sig_exit                               0x0800079d   Thumb Code    10  defsig_exit.o(.text)
    __rt_SIGRTMEM                            0x080007a7   Thumb Code    14  defsig_rtmem_outer.o(.text)
    __rt_SIGPVFN_inner                       0x080007b5   Thumb Code    14  defsig_pvfn_inner.o(.text)
    _sys_exit                                0x080007e5   Thumb Code     8  sys_exit.o(.text)
    __I$use$semihosting                      0x080007f1   Thumb Code     0  use_no_semi.o(.text)
    __use_no_semihosting_swi                 0x080007f1   Thumb Code     2  use_no_semi.o(.text)
    __semihosting_library_function           0x080007f3   Thumb Code     0  indicate_semi.o(.text)
    __user_setup_stackheap                   0x080007f3   Thumb Code    74  sys_stackheap_outer.o(.text)
    exit                                     0x0800083d   Thumb Code    18  exit.o(.text)
    __default_signal_display                 0x0800084f   Thumb Code    50  defsig_general.o(.text)
    __rt_SIGRTMEM_inner                      0x08000881   Thumb Code    22  defsig_rtmem_inner.o(.text)
    _ttywrch                                 0x080008d1   Thumb Code    14  sys_wrch.o(.text)
    BusFault_Handler                         0x080008df   Thumb Code     4  stm32f4xx_it.o(i.BusFault_Handler)
    CDC_Transmit_FS                          0x080009dd   Thumb Code    50  usbd_cdc_if.o(i.CDC_Transmit_FS)
    DebugMon_Handler                         0x08000a15   Thumb Code     2  stm32f4xx_it.o(i.DebugMon_Handler)
    Error_Handler                            0x08000a17   Thumb Code     2  main.o(i.Error_Handler)
    HAL_Delay                                0x08000a4d   Thumb Code    36  stm32f4xx_hal.o(i.HAL_Delay)
    HAL_GPIO_Init                            0x08000a75   Thumb Code   466  stm32f4xx_hal_gpio.o(i.HAL_GPIO_Init)
    HAL_GetTick                              0x08000c75   Thumb Code     6  stm32f4xx_hal.o(i.HAL_GetTick)
    HAL_IncTick                              0x08000c81   Thumb Code    16  stm32f4xx_hal.o(i.HAL_IncTick)
    HAL_Init                                 0x08000c99   Thumb Code    54  stm32f4xx_hal.o(i.HAL_Init)
    HAL_InitTick                             0x08000cd5   Thumb Code    64  stm32f4xx_hal.o(i.HAL_InitTick)
    HAL_MspInit                              0x08000d21   Thumb Code    68  stm32f4xx_hal_msp.o(i.HAL_MspInit)
    HAL_NVIC_EnableIRQ                       0x08000d69   Thumb Code    32  stm32f4xx_hal_cortex.o(i.HAL_NVIC_EnableIRQ)
    HAL_NVIC_SetPriority                     0x08000d89   Thumb Code   124  stm32f4xx_hal_cortex.o(i.HAL_NVIC_SetPriority)
    HAL_NVIC_SetPriorityGrouping             0x08000e05   Thumb Code    32  stm32f4xx_hal_cortex.o(i.HAL_NVIC_SetPriorityGrouping)
    HAL_PCDEx_LPM_Callback                   0x08000e2d   Thumb Code     2  stm32f4xx_hal_pcd_ex.o(i.HAL_PCDEx_LPM_Callback)
    HAL_PCDEx_SetRxFiFo                      0x08000e2f   Thumb Code    10  stm32f4xx_hal_pcd_ex.o(i.HAL_PCDEx_SetRxFiFo)
    HAL_PCDEx_SetTxFiFo                      0x08000e39   Thumb Code    78  stm32f4xx_hal_pcd_ex.o(i.HAL_PCDEx_SetTxFiFo)
    HAL_PCD_ConnectCallback                  0x08000e87   Thumb Code    14  usbd_conf.o(i.HAL_PCD_ConnectCallback)
    HAL_PCD_DataInStageCallback              0x08000e95   Thumb Code    32  usbd_conf.o(i.HAL_PCD_DataInStageCallback)
    HAL_PCD_DataOutStageCallback             0x08000eb5   Thumb Code    32  usbd_conf.o(i.HAL_PCD_DataOutStageCallback)
    HAL_PCD_DisconnectCallback               0x08000ed5   Thumb Code    14  usbd_conf.o(i.HAL_PCD_DisconnectCallback)
    HAL_PCD_EP_Close                         0x08000ee3   Thumb Code   106  stm32f4xx_hal_pcd.o(i.HAL_PCD_EP_Close)
    HAL_PCD_EP_ClrStall                      0x08000f4d   Thumb Code   124  stm32f4xx_hal_pcd.o(i.HAL_PCD_EP_ClrStall)
    HAL_PCD_EP_GetRxCount                    0x08000fc9   Thumb Code    22  stm32f4xx_hal_pcd.o(i.HAL_PCD_EP_GetRxCount)
    HAL_PCD_EP_Open                          0x08000fdf   Thumb Code   140  stm32f4xx_hal_pcd.o(i.HAL_PCD_EP_Open)
    HAL_PCD_EP_Receive                       0x0800106b   Thumb Code    88  stm32f4xx_hal_pcd.o(i.HAL_PCD_EP_Receive)
    HAL_PCD_EP_SetStall                      0x080010c3   Thumb Code   138  stm32f4xx_hal_pcd.o(i.HAL_PCD_EP_SetStall)
    HAL_PCD_EP_Transmit                      0x0800114d   Thumb Code    90  stm32f4xx_hal_pcd.o(i.HAL_PCD_EP_Transmit)
    HAL_PCD_IRQHandler                       0x080011a7   Thumb Code  1342  stm32f4xx_hal_pcd.o(i.HAL_PCD_IRQHandler)
    HAL_PCD_ISOINIncompleteCallback          0x080016e5   Thumb Code    18  usbd_conf.o(i.HAL_PCD_ISOINIncompleteCallback)
    HAL_PCD_ISOOUTIncompleteCallback         0x080016f7   Thumb Code    18  usbd_conf.o(i.HAL_PCD_ISOOUTIncompleteCallback)
    HAL_PCD_Init                             0x08001709   Thumb Code   358  stm32f4xx_hal_pcd.o(i.HAL_PCD_Init)
    HAL_PCD_MspInit                          0x08001871   Thumb Code   152  usbd_conf.o(i.HAL_PCD_MspInit)
    HAL_PCD_ResetCallback                    0x08001911   Thumb Code    48  usbd_conf.o(i.HAL_PCD_ResetCallback)
    HAL_PCD_ResumeCallback                   0x08001941   Thumb Code    14  usbd_conf.o(i.HAL_PCD_ResumeCallback)
    HAL_PCD_SOFCallback                      0x0800194f   Thumb Code    14  usbd_conf.o(i.HAL_PCD_SOFCallback)
    HAL_PCD_SetAddress                       0x0800195d   Thumb Code    54  stm32f4xx_hal_pcd.o(i.HAL_PCD_SetAddress)
    HAL_PCD_SetupStageCallback               0x08001993   Thumb Code    18  usbd_conf.o(i.HAL_PCD_SetupStageCallback)
    HAL_PCD_Start                            0x080019a5   Thumb Code    74  stm32f4xx_hal_pcd.o(i.HAL_PCD_Start)
    HAL_PCD_SuspendCallback                  0x080019f1   Thumb Code    46  usbd_conf.o(i.HAL_PCD_SuspendCallback)
    HAL_RCC_ClockConfig                      0x08001a25   Thumb Code   366  stm32f4xx_hal_rcc.o(i.HAL_RCC_ClockConfig)
    HAL_RCC_GetHCLKFreq                      0x08001ba5   Thumb Code     6  stm32f4xx_hal_rcc.o(i.HAL_RCC_GetHCLKFreq)
    HAL_RCC_GetSysClockFreq                  0x08001bb1   Thumb Code   162  stm32f4xx_hal_rcc.o(i.HAL_RCC_GetSysClockFreq)
    HAL_RCC_OscConfig                        0x08001c61   Thumb Code  1086  stm32f4xx_hal_rcc.o(i.HAL_RCC_OscConfig)
    HAL_SYSTICK_Config                       0x080020a9   Thumb Code    52  stm32f4xx_hal_cortex.o(i.HAL_SYSTICK_Config)
    HardFault_Handler                        0x080020dd   Thumb Code     4  stm32f4xx_it.o(i.HardFault_Handler)
    MX_GPIO_Init                             0x08002121   Thumb Code    96  gpio.o(i.MX_GPIO_Init)
    MX_USB_DEVICE_Init                       0x08002185   Thumb Code    60  usb_device.o(i.MX_USB_DEVICE_Init)
    MemManage_Handler                        0x080021d1   Thumb Code     4  stm32f4xx_it.o(i.MemManage_Handler)
    NMI_Handler                              0x080021d5   Thumb Code     2  stm32f4xx_it.o(i.NMI_Handler)
    OTG_FS_IRQHandler                        0x080021d9   Thumb Code    10  stm32f4xx_it.o(i.OTG_FS_IRQHandler)
    PendSV_Handler                           0x080024ab   Thumb Code     2  stm32f4xx_it.o(i.PendSV_Handler)
    SVC_Handler                              0x080024ad   Thumb Code     2  stm32f4xx_it.o(i.SVC_Handler)
    SysTick_Handler                          0x080024af   Thumb Code     8  stm32f4xx_it.o(i.SysTick_Handler)
    SystemClock_Config                       0x080024b9   Thumb Code   170  main.o(i.SystemClock_Config)
    SystemInit                               0x0800256d   Thumb Code    82  system_stm32f4xx.o(i.SystemInit)
    USBD_CDC_GetDeviceQualifierDescriptor    0x08002701   Thumb Code    10  usbd_cdc.o(i.USBD_CDC_GetDeviceQualifierDescriptor)
    USBD_CDC_ReceivePacket                   0x080027f9   Thumb Code    58  usbd_cdc.o(i.USBD_CDC_ReceivePacket)
    USBD_CDC_RegisterInterface               0x08002833   Thumb Code    14  usbd_cdc.o(i.USBD_CDC_RegisterInterface)
    USBD_CDC_SetRxBuffer                     0x08002841   Thumb Code    14  usbd_cdc.o(i.USBD_CDC_SetRxBuffer)
    USBD_CDC_SetTxBuffer                     0x0800284f   Thumb Code    20  usbd_cdc.o(i.USBD_CDC_SetTxBuffer)
    USBD_CDC_TransmitPacket                  0x08002957   Thumb Code    62  usbd_cdc.o(i.USBD_CDC_TransmitPacket)
    USBD_ClrClassConfig                      0x08002995   Thumb Code    22  usbd_core.o(i.USBD_ClrClassConfig)
    USBD_CtlContinueRx                       0x080029e9   Thumb Code    24  usbd_ioreq.o(i.USBD_CtlContinueRx)
    USBD_CtlContinueSendData                 0x08002a01   Thumb Code    24  usbd_ioreq.o(i.USBD_CtlContinueSendData)
    USBD_CtlError                            0x08002a19   Thumb Code    24  usbd_ctlreq.o(i.USBD_CtlError)
    USBD_CtlPrepareRx                        0x08002a31   Thumb Code    40  usbd_ioreq.o(i.USBD_CtlPrepareRx)
    USBD_CtlReceiveStatus                    0x08002a59   Thumb Code    26  usbd_ioreq.o(i.USBD_CtlReceiveStatus)
    USBD_CtlSendData                         0x08002a73   Thumb Code    34  usbd_ioreq.o(i.USBD_CtlSendData)
    USBD_CtlSendStatus                       0x08002a95   Thumb Code    26  usbd_ioreq.o(i.USBD_CtlSendStatus)
    USBD_FS_ConfigStrDescriptor              0x08002ab1   Thumb Code    34  usbd_desc.o(i.USBD_FS_ConfigStrDescriptor)
    USBD_FS_DeviceDescriptor                 0x08002ae5   Thumb Code    10  usbd_desc.o(i.USBD_FS_DeviceDescriptor)
    USBD_FS_InterfaceStrDescriptor           0x08002af5   Thumb Code    34  usbd_desc.o(i.USBD_FS_InterfaceStrDescriptor)
    USBD_FS_LangIDStrDescriptor              0x08002b2d   Thumb Code    10  usbd_desc.o(i.USBD_FS_LangIDStrDescriptor)
    USBD_FS_ManufacturerStrDescriptor        0x08002b3d   Thumb Code    20  usbd_desc.o(i.USBD_FS_ManufacturerStrDescriptor)
    USBD_FS_ProductStrDescriptor             0x08002b69   Thumb Code    34  usbd_desc.o(i.USBD_FS_ProductStrDescriptor)
    USBD_FS_SerialStrDescriptor              0x08002ba9   Thumb Code    18  usbd_desc.o(i.USBD_FS_SerialStrDescriptor)
    USBD_GetString                           0x08002dd7   Thumb Code    82  usbd_ctlreq.o(i.USBD_GetString)
    USBD_Get_USB_Status                      0x08002e29   Thumb Code    44  usbd_conf.o(i.USBD_Get_USB_Status)
    USBD_Init                                0x08002e55   Thumb Code    50  usbd_core.o(i.USBD_Init)
    USBD_LL_ClearStallEP                     0x08002e87   Thumb Code    38  usbd_conf.o(i.USBD_LL_ClearStallEP)
    USBD_LL_CloseEP                          0x08002ead   Thumb Code    38  usbd_conf.o(i.USBD_LL_CloseEP)
    USBD_LL_DataInStage                      0x08002ed3   Thumb Code   256  usbd_core.o(i.USBD_LL_DataInStage)
    USBD_LL_DataOutStage                     0x08002fd3   Thumb Code   166  usbd_core.o(i.USBD_LL_DataOutStage)
    USBD_LL_DevConnected                     0x08003079   Thumb Code     6  usbd_core.o(i.USBD_LL_DevConnected)
    USBD_LL_DevDisconnected                  0x0800307f   Thumb Code    26  usbd_core.o(i.USBD_LL_DevDisconnected)
    USBD_LL_GetRxDataSize                    0x08003099   Thumb Code    18  usbd_conf.o(i.USBD_LL_GetRxDataSize)
    USBD_LL_Init                             0x080030ad   Thumb Code   100  usbd_conf.o(i.USBD_LL_Init)
    USBD_LL_IsStallEP                        0x08003115   Thumb Code    56  usbd_conf.o(i.USBD_LL_IsStallEP)
    USBD_LL_IsoINIncomplete                  0x0800314d   Thumb Code     6  usbd_core.o(i.USBD_LL_IsoINIncomplete)
    USBD_LL_IsoOUTIncomplete                 0x08003153   Thumb Code     6  usbd_core.o(i.USBD_LL_IsoOUTIncomplete)
    USBD_LL_OpenEP                           0x08003159   Thumb Code    48  usbd_conf.o(i.USBD_LL_OpenEP)
    USBD_LL_PrepareReceive                   0x08003189   Thumb Code    48  usbd_conf.o(i.USBD_LL_PrepareReceive)
    USBD_LL_Reset                            0x080031b9   Thumb Code    92  usbd_core.o(i.USBD_LL_Reset)
    USBD_LL_Resume                           0x08003215   Thumb Code    14  usbd_core.o(i.USBD_LL_Resume)
    USBD_LL_SOF                              0x08003223   Thumb Code    34  usbd_core.o(i.USBD_LL_SOF)
    USBD_LL_SetSpeed                         0x08003245   Thumb Code     8  usbd_core.o(i.USBD_LL_SetSpeed)
    USBD_LL_SetUSBAddress                    0x0800324d   Thumb Code    38  usbd_conf.o(i.USBD_LL_SetUSBAddress)
    USBD_LL_SetupStage                       0x08003273   Thumb Code   110  usbd_core.o(i.USBD_LL_SetupStage)
    USBD_LL_StallEP                          0x080032e1   Thumb Code    38  usbd_conf.o(i.USBD_LL_StallEP)
    USBD_LL_Start                            0x08003307   Thumb Code    30  usbd_conf.o(i.USBD_LL_Start)
    USBD_LL_Suspend                          0x08003325   Thumb Code    20  usbd_core.o(i.USBD_LL_Suspend)
    USBD_LL_Transmit                         0x08003339   Thumb Code    48  usbd_conf.o(i.USBD_LL_Transmit)
    USBD_ParseSetupRequest                   0x08003369   Thumb Code    40  usbd_ctlreq.o(i.USBD_ParseSetupRequest)
    USBD_RegisterClass                       0x08003391   Thumb Code    16  usbd_core.o(i.USBD_RegisterClass)
    USBD_RunTestMode                         0x080033a1   Thumb Code     6  usbd_core.o(i.USBD_RunTestMode)
    USBD_SetClassConfig                      0x08003401   Thumb Code    34  usbd_core.o(i.USBD_SetClassConfig)
    USBD_Start                               0x08003525   Thumb Code    14  usbd_core.o(i.USBD_Start)
    USBD_StdDevReq                           0x08003533   Thumb Code   162  usbd_ctlreq.o(i.USBD_StdDevReq)
    USBD_StdEPReq                            0x080035d5   Thumb Code   568  usbd_ctlreq.o(i.USBD_StdEPReq)
    USBD_StdItfReq                           0x0800380d   Thumb Code   126  usbd_ctlreq.o(i.USBD_StdItfReq)
    USB_ActivateEndpoint                     0x0800388d   Thumb Code   202  stm32f4xx_ll_usb.o(i.USB_ActivateEndpoint)
    USB_ActivateSetup                        0x0800395d   Thumb Code    70  stm32f4xx_ll_usb.o(i.USB_ActivateSetup)
    USB_CoreInit                             0x080039a5   Thumb Code   128  stm32f4xx_ll_usb.o(i.USB_CoreInit)
    USB_DeactivateEndpoint                   0x08003a75   Thumb Code   182  stm32f4xx_ll_usb.o(i.USB_DeactivateEndpoint)
    USB_DevConnect                           0x08003b39   Thumb Code    32  stm32f4xx_ll_usb.o(i.USB_DevConnect)
    USB_DevDisconnect                        0x08003b59   Thumb Code    32  stm32f4xx_ll_usb.o(i.USB_DevDisconnect)
    USB_DevInit                              0x08003b79   Thumb Code   482  stm32f4xx_ll_usb.o(i.USB_DevInit)
    USB_DisableGlobalInt                     0x08003d6d   Thumb Code    14  stm32f4xx_ll_usb.o(i.USB_DisableGlobalInt)
    USB_EP0StartXfer                         0x08003d7d   Thumb Code   468  stm32f4xx_ll_usb.o(i.USB_EP0StartXfer)
    USB_EP0_OutStart                         0x08003f55   Thumb Code   106  stm32f4xx_ll_usb.o(i.USB_EP0_OutStart)
    USB_EPClearStall                         0x08003fc5   Thumb Code   142  stm32f4xx_ll_usb.o(i.USB_EPClearStall)
    USB_EPSetStall                           0x08004053   Thumb Code   154  stm32f4xx_ll_usb.o(i.USB_EPSetStall)
    USB_EPStartXfer                          0x080040ed   Thumb Code   832  stm32f4xx_ll_usb.o(i.USB_EPStartXfer)
    USB_EnableGlobalInt                      0x08004431   Thumb Code    14  stm32f4xx_ll_usb.o(i.USB_EnableGlobalInt)
    USB_FlushRxFifo                          0x08004441   Thumb Code    38  stm32f4xx_ll_usb.o(i.USB_FlushRxFifo)
    USB_FlushTxFifo                          0x0800446d   Thumb Code    44  stm32f4xx_ll_usb.o(i.USB_FlushTxFifo)
    USB_GetDevSpeed                          0x0800449d   Thumb Code    38  stm32f4xx_ll_usb.o(i.USB_GetDevSpeed)
    USB_GetMode                              0x080044c3   Thumb Code    10  stm32f4xx_ll_usb.o(i.USB_GetMode)
    USB_ReadDevAllInEpInterrupt              0x080044cd   Thumb Code    20  stm32f4xx_ll_usb.o(i.USB_ReadDevAllInEpInterrupt)
    USB_ReadDevAllOutEpInterrupt             0x080044e1   Thumb Code    20  stm32f4xx_ll_usb.o(i.USB_ReadDevAllOutEpInterrupt)
    USB_ReadDevInEPInterrupt                 0x080044f5   Thumb Code    50  stm32f4xx_ll_usb.o(i.USB_ReadDevInEPInterrupt)
    USB_ReadDevOutEPInterrupt                0x08004527   Thumb Code    26  stm32f4xx_ll_usb.o(i.USB_ReadDevOutEPInterrupt)
    USB_ReadInterrupts                       0x08004541   Thumb Code    10  stm32f4xx_ll_usb.o(i.USB_ReadInterrupts)
    USB_ReadPacket                           0x0800454b   Thumb Code    34  stm32f4xx_ll_usb.o(i.USB_ReadPacket)
    USB_SetCurrentMode                       0x0800456d   Thumb Code    54  stm32f4xx_ll_usb.o(i.USB_SetCurrentMode)
    USB_SetDevAddress                        0x080045a3   Thumb Code    42  stm32f4xx_ll_usb.o(i.USB_SetDevAddress)
    USB_SetDevSpeed                          0x080045cd   Thumb Code    18  stm32f4xx_ll_usb.o(i.USB_SetDevSpeed)
    USB_SetTurnaroundTime                    0x080045e1   Thumb Code   192  stm32f4xx_ll_usb.o(i.USB_SetTurnaroundTime)
    USB_WritePacket                          0x080046c9   Thumb Code    60  stm32f4xx_ll_usb.o(i.USB_WritePacket)
    UsageFault_Handler                       0x08004705   Thumb Code     4  stm32f4xx_it.o(i.UsageFault_Handler)
    publishImuMsg()                          0x08004709   Thumb Code   132  ros_main.o(i._Z13publishImuMsgv)
    sensor_msgs::Imu::getMD5()               0x0800479d   Thumb Code     6  ros_main.o(i._ZN11sensor_msgs3Imu6getMD5Ev)
    sensor_msgs::Imu::getType()              0x080047a9   Thumb Code     6  ros_main.o(i._ZN11sensor_msgs3Imu7getTypeEv)
    sensor_msgs::Imu::Imu()                  0x080047b5   Thumb Code   162  ros_main.o(i._ZN11sensor_msgs3ImuC1Ev)
    sensor_msgs::Imu::Imu__sub_object()      0x080047b5   Thumb Code     0  ros_main.o(i._ZN11sensor_msgs3ImuC1Ev)
    geometry_msgs::Quaternion::getMD5()      0x0800486d   Thumb Code     6  ros_main.o(i._ZN13geometry_msgs10Quaternion6getMD5Ev)
    geometry_msgs::Quaternion::getType()     0x08004879   Thumb Code     6  ros_main.o(i._ZN13geometry_msgs10Quaternion7getTypeEv)
    geometry_msgs::Vector3::getMD5()         0x08004885   Thumb Code     6  ros_main.o(i._ZN13geometry_msgs7Vector36getMD5Ev)
    geometry_msgs::Vector3::getType()        0x08004891   Thumb Code     6  ros_main.o(i._ZN13geometry_msgs7Vector37getTypeEv)
    geometry_msgs::Vector3::Vector3()        0x0800489d   Thumb Code    44  ros_main.o(i._ZN13geometry_msgs7Vector3C1Ev)
    geometry_msgs::Vector3::Vector3__sub_object() 0x0800489d   Thumb Code     0  ros_main.o(i._ZN13geometry_msgs7Vector3C1Ev)
    rosserial_msgs::RequestParamResponse::deserialize(unsigned char*) 0x080048d1   Thumb Code   392  ros_main.o(i._ZN14rosserial_msgs20RequestParamResponse11deserializeEPh)
    rosserial_msgs::RequestParamResponse::getMD5() 0x08004a59   Thumb Code     6  ros_main.o(i._ZN14rosserial_msgs20RequestParamResponse6getMD5Ev)
    rosserial_msgs::RequestParamResponse::getType() 0x08004a65   Thumb Code     6  ros_main.o(i._ZN14rosserial_msgs20RequestParamResponse7getTypeEv)
    rosserial_msgs::Log::getMD5()            0x08004a71   Thumb Code     6  ros_main.o(i._ZN14rosserial_msgs3Log6getMD5Ev)
    rosserial_msgs::Log::getType()           0x08004a7d   Thumb Code     6  ros_main.o(i._ZN14rosserial_msgs3Log7getTypeEv)
    rosserial_msgs::TopicInfo::getMD5()      0x08004a89   Thumb Code     6  ros_main.o(i._ZN14rosserial_msgs9TopicInfo6getMD5Ev)
    rosserial_msgs::TopicInfo::getType()     0x08004a95   Thumb Code     6  ros_main.o(i._ZN14rosserial_msgs9TopicInfo7getTypeEv)
    ros::normalizeSecNSec(unsigned&, unsigned&) 0x08004aa1   Thumb Code    30  time.o(i._ZN3ros16normalizeSecNSecERjS0_)
    ros::Msg::serializeAvrFloat64(unsigned char*, float) 0x08004ac5   Thumb Code   116  ros_main.o(i._ZN3ros3Msg19serializeAvrFloat64EPhf)
    ros::Msg::Msg__sub_object()              0x08004b39   Thumb Code     6  ros_main.o(i._ZN3ros3MsgC2Ev)
    ros::Time::Time()                        0x08004b45   Thumb Code     8  ros_main.o(i._ZN3ros4TimeC1Ev)
    ros::Time::Time__sub_object()            0x08004b45   Thumb Code     0  ros_main.o(i._ZN3ros4TimeC1Ev)
    ros::Publisher::publish(const ros::Msg*) 0x08004b4d   Thumb Code    20  ros_main.o(i._ZN3ros9Publisher7publishEPKNS_3MsgE)
    ros::Publisher::Publisher(const char*, ros::Msg*, int) 0x08004b61   Thumb Code     8  ros_main.o(i._ZN3ros9PublisherC1EPKcPNS_3MsgEi)
    ros::Publisher::Publisher__sub_object(const char*, ros::Msg*, int) 0x08004b61   Thumb Code     0  ros_main.o(i._ZN3ros9PublisherC1EPKcPNS_3MsgEi)
    std_msgs::Time::deserialize(unsigned char*) 0x08004b69   Thumb Code    92  ros_main.o(i._ZN8std_msgs4Time11deserializeEPh)
    std_msgs::Time::getMD5()                 0x08004bc5   Thumb Code     6  ros_main.o(i._ZN8std_msgs4Time6getMD5Ev)
    std_msgs::Time::getType()                0x08004bd1   Thumb Code     6  ros_main.o(i._ZN8std_msgs4Time7getTypeEv)
    std_msgs::Time::Time()                   0x08004bdd   Thumb Code    28  ros_main.o(i._ZN8std_msgs4TimeC1Ev)
    std_msgs::Time::Time__sub_object()       0x08004bdd   Thumb Code     0  ros_main.o(i._ZN8std_msgs4TimeC1Ev)
    std_msgs::Header::getMD5()               0x08004bfd   Thumb Code     6  ros_main.o(i._ZN8std_msgs6Header6getMD5Ev)
    std_msgs::Header::getType()              0x08004c09   Thumb Code     6  ros_main.o(i._ZN8std_msgs6Header7getTypeEv)
    std_msgs::String::getMD5()               0x08004c15   Thumb Code     6  ros_main.o(i._ZN8std_msgs6String6getMD5Ev)
    std_msgs::String::getType()              0x08004c21   Thumb Code     6  ros_main.o(i._ZN8std_msgs6String7getTypeEv)
    USBSerial::read()                        0x08004c2d   Thumb Code    30  usbserial.o(i._ZN9USBSerial4readEv)
    USBSerial::begin(unsigned)               0x08004c4b   Thumb Code    12  usbserial.o(i._ZN9USBSerial5beginEj)
    USBSerial::available()                   0x08004c57   Thumb Code    10  usbserial.o(i._ZN9USBSerial9availableEv)
    USBSerial::USBSerial()                   0x08004c61   Thumb Code    22  usbserial.o(i._ZN9USBSerialC1Ev)
    USBSerial::USBSerial__sub_object()       0x08004c61   Thumb Code     0  usbserial.o(i._ZN9USBSerialC1Ev)
    sensor_msgs::Imu::serialize(unsigned char*) const 0x08004c7d   Thumb Code   164  ros_main.o(i._ZNK11sensor_msgs3Imu9serializeEPh)
    geometry_msgs::Quaternion::serialize(unsigned char*) const 0x08004d21   Thumb Code    76  ros_main.o(i._ZNK13geometry_msgs10Quaternion9serializeEPh)
    geometry_msgs::Vector3::serialize(unsigned char*) const 0x08004d6d   Thumb Code    60  ros_main.o(i._ZNK13geometry_msgs7Vector39serializeEPh)
    rosserial_msgs::RequestParamResponse::serialize(unsigned char*) const 0x08004da9   Thumb Code   262  ros_main.o(i._ZNK14rosserial_msgs20RequestParamResponse9serializeEPh)
    rosserial_msgs::Log::serialize(unsigned char*) const 0x08004eaf   Thumb Code    52  ros_main.o(i._ZNK14rosserial_msgs3Log9serializeEPh)
    rosserial_msgs::TopicInfo::serialize(unsigned char*) const 0x08004ee3   Thumb Code   154  ros_main.o(i._ZNK14rosserial_msgs9TopicInfo9serializeEPh)
    std_msgs::Time::serialize(unsigned char*) const 0x08004f7d   Thumb Code    68  ros_main.o(i._ZNK8std_msgs4Time9serializeEPh)
    std_msgs::Header::serialize(unsigned char*) const 0x08004fc1   Thumb Code   136  ros_main.o(i._ZNK8std_msgs6Header9serializeEPh)
    std_msgs::String::serialize(unsigned char*) const 0x08005049   Thumb Code    46  ros_main.o(i._ZNK8std_msgs6String9serializeEPh)
    __cxa_pure_virtual                       0x080050b1   Thumb Code     6  pure_virt.o(i.__cxa_pure_virtual)
    loop                                     0x0800512d   Thumb Code    54  ros_main.o(i.loop)
    main                                     0x0800517d   Thumb Code    28  main.o(i.main)
    setup                                    0x08005199   Thumb Code    58  ros_main.o(i.setup)
    vcp_available                            0x080051e1   Thumb Code    16  usbd_cdc_if.o(i.vcp_available)
    vcp_read                                 0x080051f9   Thumb Code    54  usbd_cdc_if.o(i.vcp_read)
    ros::NodeHandle_<STM32Hardware, (int)25, (int)25, (int)1024, (int)1024>::negotiateTopics() 0x0800523d   Thumb Code   306  ros_main.o(t._ZN3ros11NodeHandle_I13STM32HardwareLi25ELi25ELi1024ELi1024EE15negotiateTopicsEv)
    ros::NodeHandle_<STM32Hardware, (int)25, (int)25, (int)1024, (int)1024>::requestSyncTime() 0x08005379   Thumb Code    32  ros_main.o(t._ZN3ros11NodeHandle_I13STM32HardwareLi25ELi25ELi1024ELi1024EE15requestSyncTimeEv)
    ros::NodeHandle_<STM32Hardware, (int)25, (int)25, (int)1024, (int)1024>::publish(int, const ros::Msg*) 0x0800539d   Thumb Code   272  ros_main.o(t._ZN3ros11NodeHandle_I13STM32HardwareLi25ELi25ELi1024ELi1024EE7publishEiPKNS_3MsgE)
    ros::NodeHandle_<STM32Hardware, (int)25, (int)25, (int)1024, (int)1024>::spinOnce() 0x080054b9   Thumb Code   646  ros_main.o(t._ZN3ros11NodeHandle_I13STM32HardwareLi25ELi25ELi1024ELi1024EE8spinOnceEv)
    ros::NodeHandle_<STM32Hardware, (int)25, (int)25, (int)1024, (int)1024>::syncTime(unsigned char*) 0x08005745   Thumb Code   154  ros_main.o(t._ZN3ros11NodeHandle_I13STM32HardwareLi25ELi25ELi1024ELi1024EE8syncTimeEPh)
    ros::NodeHandle_<STM32Hardware, (int)25, (int)25, (int)1024, (int)1024>::advertise(ros::Publisher&) 0x080057e9   Thumb Code    48  ros_main.o(t._ZN3ros11NodeHandle_I13STM32HardwareLi25ELi25ELi1024ELi1024EE9advertiseERNS_9PublisherE)
    ros::NodeHandle_<STM32Hardware, (int)25, (int)25, (int)1024, (int)1024>::NodeHandle_() 0x08005819   Thumb Code   188  ros_main.o(t._ZN3ros11NodeHandle_I13STM32HardwareLi25ELi25ELi1024ELi1024EEC1Ev)
    ros::NodeHandle_<STM32Hardware, (int)25, (int)25, (int)1024, (int)1024>::NodeHandle___sub_object() 0x08005819   Thumb Code     0  ros_main.o(t._ZN3ros11NodeHandle_I13STM32HardwareLi25ELi25ELi1024ELi1024EEC1Ev)
    void ros::Msg::arrToVar<unsigned, unsigned char*>(T1&, T2) 0x080058e5   Thumb Code    32  ros_main.o(t._ZN3ros3Msg8arrToVarIjPhEEvRT_T0_)
    void ros::Msg::varToArr<unsigned char*, unsigned>(T1, T2) 0x08005905   Thumb Code    22  ros_main.o(t._ZN3ros3Msg8varToArrIPhjEEvT_T0_)
    _fp_init                                 0x0800591b   Thumb Code    10  fpinit.o(x$fpl$fpinit)
    __fplib_config_fpu_vfp                   0x08005923   Thumb Code     0  fpinit.o(x$fpl$fpinit)
    __fplib_config_pureend_doubles           0x08005923   Thumb Code     0  fpinit.o(x$fpl$fpinit)
    AHBPrescTable                            0x08005924   Data          16  system_stm32f4xx.o(.constdata)
    APBPrescTable                            0x08005934   Data           8  system_stm32f4xx.o(.constdata)
    vtable for USBSerial                     0x08005958   Data          20  usbserial.o(.constdata__ZTV9USBSerial)
    vtable for sensor_msgs::Imu              0x0800596c   Data          24  ros_main.o(.constdata__ZTVN11sensor_msgs3ImuE)
    vtable for geometry_msgs::Quaternion     0x08005984   Data          24  ros_main.o(.constdata__ZTVN13geometry_msgs10QuaternionE)
    vtable for geometry_msgs::Vector3        0x0800599c   Data          24  ros_main.o(.constdata__ZTVN13geometry_msgs7Vector3E)
    vtable for rosserial_msgs::RequestParamResponse 0x080059b4   Data          24  ros_main.o(.constdata__ZTVN14rosserial_msgs20RequestParamResponseE)
    vtable for rosserial_msgs::Log           0x080059cc   Data          24  ros_main.o(.constdata__ZTVN14rosserial_msgs3LogE)
    vtable for rosserial_msgs::TopicInfo     0x080059e4   Data          24  ros_main.o(.constdata__ZTVN14rosserial_msgs9TopicInfoE)
    vtable for ros::NodeHandle_<STM32Hardware, (int)25, (int)25, (int)1024, (int)1024> 0x080059fc   Data          20  ros_main.o(.constdata__ZTVN3ros11NodeHandle_I13STM32HardwareLi25ELi25ELi1024ELi1024EEE)
    vtable for ros::NodeHandleBase_          0x08005a10   Data          20  ros_main.o(.constdata__ZTVN3ros15NodeHandleBase_E)
    vtable for ros::Msg                      0x08005a24   Data          24  ros_main.o(.constdata__ZTVN3ros3MsgE)
    vtable for std_msgs::Time                0x08005a3c   Data          24  ros_main.o(.constdata__ZTVN8std_msgs4TimeE)
    vtable for std_msgs::Header              0x08005a54   Data          24  ros_main.o(.constdata__ZTVN8std_msgs6HeaderE)
    vtable for std_msgs::String              0x08005a6c   Data          24  ros_main.o(.constdata__ZTVN8std_msgs6StringE)
    sensor_msgs::Imu::getMD5()::string       0x08005a84   Data          33  ros_main.o(.constdata__ZZN11sensor_msgs3Imu6getMD5EvEs)
    sensor_msgs::Imu::getType()::string      0x08005aa5   Data          16  ros_main.o(.constdata__ZZN11sensor_msgs3Imu7getTypeEvEs)
    geometry_msgs::Quaternion::getMD5()::string 0x08005ab5   Data          33  ros_main.o(.constdata__ZZN13geometry_msgs10Quaternion6getMD5EvEs)
    geometry_msgs::Quaternion::getType()::string 0x08005ad6   Data          25  ros_main.o(.constdata__ZZN13geometry_msgs10Quaternion7getTypeEvEs)
    geometry_msgs::Vector3::getMD5()::string 0x08005aef   Data          33  ros_main.o(.constdata__ZZN13geometry_msgs7Vector36getMD5EvEs)
    geometry_msgs::Vector3::getType()::string 0x08005b10   Data          22  ros_main.o(.constdata__ZZN13geometry_msgs7Vector37getTypeEvEs)
    rosserial_msgs::RequestParamResponse::getMD5()::string 0x08005b26   Data          33  ros_main.o(.constdata__ZZN14rosserial_msgs20RequestParamResponse6getMD5EvEs)
    rosserial_msgs::Log::getMD5()::string    0x08005b47   Data          33  ros_main.o(.constdata__ZZN14rosserial_msgs3Log6getMD5EvEs)
    rosserial_msgs::Log::getType()::string   0x08005b68   Data          19  ros_main.o(.constdata__ZZN14rosserial_msgs3Log7getTypeEvEs)
    rosserial_msgs::Log::Log()::string       0x08005b7b   Data           1  ros_main.o(.constdata__ZZN14rosserial_msgs3LogC1EvEs)
    rosserial_msgs::TopicInfo::getMD5()::string 0x08005b7c   Data          33  ros_main.o(.constdata__ZZN14rosserial_msgs9TopicInfo6getMD5EvEs)
    rosserial_msgs::TopicInfo::getType()::string 0x08005b9d   Data          25  ros_main.o(.constdata__ZZN14rosserial_msgs9TopicInfo7getTypeEvEs)
    rosserial_msgs::TopicInfo::TopicInfo()::string 0x08005bb6   Data           1  ros_main.o(.constdata__ZZN14rosserial_msgs9TopicInfoC1EvEs)
    ros::NodeHandle_<STM32Hardware, (int)25, (int)25, (int)1024, (int)1024>::publish(int, const ros::Msg*)::string 0x08005bb7   Data          57  ros_main.o(.constdata__ZZN3ros11NodeHandle_I13STM32HardwareLi25ELi25ELi1024ELi1024EE7publishEiPKNS_3MsgEEs)
    std_msgs::Time::getMD5()::string         0x08005bf0   Data          33  ros_main.o(.constdata__ZZN8std_msgs4Time6getMD5EvEs)
    std_msgs::Time::getType()::string        0x08005c11   Data          14  ros_main.o(.constdata__ZZN8std_msgs4Time7getTypeEvEs)
    std_msgs::Header::getMD5()::string       0x08005c1f   Data          33  ros_main.o(.constdata__ZZN8std_msgs6Header6getMD5EvEs)
    std_msgs::Header::getType()::string      0x08005c40   Data          16  ros_main.o(.constdata__ZZN8std_msgs6Header7getTypeEvEs)
    std_msgs::Header::Header()::string       0x08005c50   Data           1  ros_main.o(.constdata__ZZN8std_msgs6HeaderC1EvEs)
    std_msgs::String::getMD5()::string       0x08005c51   Data          33  ros_main.o(.constdata__ZZN8std_msgs6String6getMD5EvEs)
    std_msgs::String::getType()::string      0x08005c72   Data          16  ros_main.o(.constdata__ZZN8std_msgs6String7getTypeEvEs)
    std_msgs::String::String()::string       0x08005c82   Data           1  ros_main.o(.constdata__ZZN8std_msgs6StringC1EvEs)
    Region$$Table$$Base                      0x08005c84   Number         0  anon$$obj.o(Region$$Table)
    Region$$Table$$Limit                     0x08005ca4   Number         0  anon$$obj.o(Region$$Table)
    SHT$$INIT_ARRAY$$Base                    0x08005ca4   Number         0  ros_main.o(.init_array)
    SHT$$INIT_ARRAY$$Limit                   0x08005cac   Number         0  init_aeabi.o(.init_array)
    SystemCoreClock                          0x20000000   Data           4  system_stm32f4xx.o(.data)
    uwTick                                   0x20000004   Data           4  stm32f4xx_hal.o(.data)
    uwTickPrio                               0x20000008   Data           4  stm32f4xx_hal.o(.data)
    uwTickFreq                               0x2000000c   Data           1  stm32f4xx_hal.o(.data)
    USBD_CDC                                 0x2000001c   Data          56  usbd_cdc.o(.data)
    USBD_CDC_CfgHSDesc                       0x20000054   Data          67  usbd_cdc.o(.data)
    USBD_CDC_CfgFSDesc                       0x20000098   Data          67  usbd_cdc.o(.data)
    USBD_CDC_OtherSpeedCfgDesc               0x200000dc   Data          67  usbd_cdc.o(.data)
    FS_Desc                                  0x20000120   Data          28  usbd_desc.o(.data)
    USBD_FS_DeviceDesc                       0x2000013c   Data          18  usbd_desc.o(.data)
    USBD_LangIDDesc                          0x20000150   Data           4  usbd_desc.o(.data)
    USBD_StringSerial                        0x20000154   Data          26  usbd_desc.o(.data)
    UserTxBufPtrIn                           0x20000170   Data           4  usbd_cdc_if.o(.data)
    UserTxBufPtrOut                          0x20000174   Data           4  usbd_cdc_if.o(.data)
    usb_rxBufPtrIn                           0x20000178   Data           4  usbd_cdc_if.o(.data)
    usb_rxBufPtrOut                          0x2000017c   Data           4  usbd_cdc_if.o(.data)
    LineCoding                               0x20000180   Data           8  usbd_cdc_if.o(.data)
    USBD_Interface_fops_FS                   0x20000188   Data          16  usbd_cdc_if.o(.data)
    t                                        0x20000198   Data           4  ros_main.o(.data)
    str_msg                                  0x2000019c   Data           8  ros_main.o(.data)
    hello                                    0x200001a4   Data          13  ros_main.o(.data)
    acc                                      0x200001b2   Data           6  ros_main.o(.data)
    gyro                                     0x200001b8   Data           6  ros_main.o(.data)
    hUsbDeviceFS                             0x200001c0   Data         668  usb_device.o(.bss)
    hpcd_USB_OTG_FS                          0x2000045c   Data        1032  usbd_conf.o(.bss)
    USBD_StrDesc                             0x20000864   Data         512  usbd_desc.o(.bss)
    UserRxBufferFS                           0x20000a64   Data        2048  usbd_cdc_if.o(.bss)
    UserTxBufferFS                           0x20001264   Data        2048  usbd_cdc_if.o(.bss)
    usb_rxBuffer                             0x20001a64   Data        2048  usbd_cdc_if.o(.bss)
    nh                                       0x20002364   Data        2352  ros_main.o(.bss)
    tTime                                    0x20002c94   Data          40  ros_main.o(.bss)
    chatter                                  0x20002cbc   Data          20  ros_main.o(.bss)
    imu_msg                                  0x20002cd0   Data         184  ros_main.o(.bss)
    imu_pub                                  0x20002d88   Data          20  ros_main.o(.bss)
    Serial0                                  0x20002d9c   Data          24  usbserial.o(.bss)
    __libspace_start                         0x20002db4   Data          96  libspace.o(.bss)
    __temporary_stack_top$libspace           0x20002e14   Data           0  libspace.o(.bss)



==============================================================================

Memory Map of the image

  Image Entry point : 0x08000189

  Load Region LR_IROM1 (Base: 0x08000000, Size: 0x00005e6c, Max: 0x00080000, ABSOLUTE, COMPRESSED[0x00005d90])

    Execution Region ER_IROM1 (Exec base: 0x08000000, Load base: 0x08000000, Size: 0x00005cac, Max: 0x00080000, ABSOLUTE)

    Exec Addr    Load Addr    Size         Type   Attr      Idx    E Section Name        Object

    0x08000000   0x08000000   0x00000188   Data   RO            3    RESET               startup_stm32f407xx.o
    0x08000188   0x08000188   0x00000008   Code   RO         3904  * !!!main             c_w.l(__main.o)
    0x08000190   0x08000190   0x00000034   Code   RO         4458    !!!scatter          c_w.l(__scatter.o)
    0x080001c4   0x080001c4   0x0000005a   Code   RO         4456    !!dczerorl2         c_w.l(__dczerorl2.o)
    0x0800021e   0x0800021e   0x00000002   PAD
    0x08000220   0x08000220   0x0000001c   Code   RO         4460    !!handler_zi        c_w.l(__scatter_zi.o)
    0x0800023c   0x0800023c   0x00000002   Code   RO         4387    .ARM.Collect$$libinit$$00000000  c_w.l(libinit.o)
    0x0800023e   0x0800023e   0x00000004   Code   RO         4164    .ARM.Collect$$libinit$$00000001  c_w.l(libinit2.o)
    0x08000242   0x08000242   0x00000000   Code   RO         4167    .ARM.Collect$$libinit$$00000004  c_w.l(libinit2.o)
    0x08000242   0x08000242   0x00000008   Code   RO         4168    .ARM.Collect$$libinit$$00000005  c_w.l(libinit2.o)
    0x0800024a   0x0800024a   0x00000000   Code   RO         4170    .ARM.Collect$$libinit$$0000000A  c_w.l(libinit2.o)
    0x0800024a   0x0800024a   0x00000000   Code   RO         4172    .ARM.Collect$$libinit$$0000000C  c_w.l(libinit2.o)
    0x0800024a   0x0800024a   0x00000000   Code   RO         4174    .ARM.Collect$$libinit$$0000000E  c_w.l(libinit2.o)
    0x0800024a   0x0800024a   0x00000000   Code   RO         4177    .ARM.Collect$$libinit$$00000011  c_w.l(libinit2.o)
    0x0800024a   0x0800024a   0x00000000   Code   RO         4179    .ARM.Collect$$libinit$$00000013  c_w.l(libinit2.o)
    0x0800024a   0x0800024a   0x00000000   Code   RO         4181    .ARM.Collect$$libinit$$00000015  c_w.l(libinit2.o)
    0x0800024a   0x0800024a   0x00000000   Code   RO         4183    .ARM.Collect$$libinit$$00000017  c_w.l(libinit2.o)
    0x0800024a   0x0800024a   0x00000000   Code   RO         4185    .ARM.Collect$$libinit$$00000019  c_w.l(libinit2.o)
    0x0800024a   0x0800024a   0x00000000   Code   RO         4187    .ARM.Collect$$libinit$$0000001B  c_w.l(libinit2.o)
    0x0800024a   0x0800024a   0x00000000   Code   RO         4189    .ARM.Collect$$libinit$$0000001D  c_w.l(libinit2.o)
    0x0800024a   0x0800024a   0x00000000   Code   RO         4191    .ARM.Collect$$libinit$$0000001F  c_w.l(libinit2.o)
    0x0800024a   0x0800024a   0x00000000   Code   RO         4193    .ARM.Collect$$libinit$$00000021  c_w.l(libinit2.o)
    0x0800024a   0x0800024a   0x00000000   Code   RO         4195    .ARM.Collect$$libinit$$00000023  c_w.l(libinit2.o)
    0x0800024a   0x0800024a   0x00000000   Code   RO         4197    .ARM.Collect$$libinit$$00000025  c_w.l(libinit2.o)
    0x0800024a   0x0800024a   0x00000000   Code   RO         4201    .ARM.Collect$$libinit$$0000002C  c_w.l(libinit2.o)
    0x0800024a   0x0800024a   0x00000000   Code   RO         4203    .ARM.Collect$$libinit$$0000002E  c_w.l(libinit2.o)
    0x0800024a   0x0800024a   0x00000000   Code   RO         4205    .ARM.Collect$$libinit$$00000030  c_w.l(libinit2.o)
    0x0800024a   0x0800024a   0x00000004   Code   RO         4206    .ARM.Collect$$libinit$$00000031  c_w.l(libinit2.o)
    0x0800024e   0x0800024e   0x00000000   Code   RO         4207    .ARM.Collect$$libinit$$00000032  c_w.l(libinit2.o)
    0x0800024e   0x0800024e   0x00000002   Code   RO         4208    .ARM.Collect$$libinit$$00000033  c_w.l(libinit2.o)
    0x08000250   0x08000250   0x00000002   Code   RO         4453    .ARM.Collect$$libshutdown$$00000000  c_w.l(libshutdown.o)
    0x08000252   0x08000252   0x00000000   Code   RO         4417    .ARM.Collect$$libshutdown$$00000002  c_w.l(libshutdown2.o)
    0x08000252   0x08000252   0x00000000   Code   RO         4419    .ARM.Collect$$libshutdown$$00000004  c_w.l(libshutdown2.o)
    0x08000252   0x08000252   0x00000000   Code   RO         4422    .ARM.Collect$$libshutdown$$00000007  c_w.l(libshutdown2.o)
    0x08000252   0x08000252   0x00000000   Code   RO         4425    .ARM.Collect$$libshutdown$$0000000A  c_w.l(libshutdown2.o)
    0x08000252   0x08000252   0x00000000   Code   RO         4427    .ARM.Collect$$libshutdown$$0000000C  c_w.l(libshutdown2.o)
    0x08000252   0x08000252   0x00000000   Code   RO         4430    .ARM.Collect$$libshutdown$$0000000F  c_w.l(libshutdown2.o)
    0x08000252   0x08000252   0x00000002   Code   RO         4431    .ARM.Collect$$libshutdown$$00000010  c_w.l(libshutdown2.o)
    0x08000254   0x08000254   0x00000000   Code   RO         4035    .ARM.Collect$$rtentry$$00000000  c_w.l(__rtentry.o)
    0x08000254   0x08000254   0x00000000   Code   RO         4241    .ARM.Collect$$rtentry$$00000002  c_w.l(__rtentry2.o)
    0x08000254   0x08000254   0x00000006   Code   RO         4253    .ARM.Collect$$rtentry$$00000004  c_w.l(__rtentry4.o)
    0x0800025a   0x0800025a   0x00000000   Code   RO         4243    .ARM.Collect$$rtentry$$00000009  c_w.l(__rtentry2.o)
    0x0800025a   0x0800025a   0x00000004   Code   RO         4244    .ARM.Collect$$rtentry$$0000000A  c_w.l(__rtentry2.o)
    0x0800025e   0x0800025e   0x00000000   Code   RO         4246    .ARM.Collect$$rtentry$$0000000C  c_w.l(__rtentry2.o)
    0x0800025e   0x0800025e   0x00000008   Code   RO         4247    .ARM.Collect$$rtentry$$0000000D  c_w.l(__rtentry2.o)
    0x08000266   0x08000266   0x00000002   Code   RO         4397    .ARM.Collect$$rtexit$$00000000  c_w.l(rtexit.o)
    0x08000268   0x08000268   0x00000000   Code   RO         4433    .ARM.Collect$$rtexit$$00000002  c_w.l(rtexit2.o)
    0x08000268   0x08000268   0x00000004   Code   RO         4434    .ARM.Collect$$rtexit$$00000003  c_w.l(rtexit2.o)
    0x0800026c   0x0800026c   0x00000006   Code   RO         4435    .ARM.Collect$$rtexit$$00000004  c_w.l(rtexit2.o)
    0x08000272   0x08000272   0x00000002   PAD
    0x08000274   0x08000274   0x00000000   Code   RO         4261    .emb_text           c_w.l(maybetermalloc1.o)
    0x08000274   0x08000274   0x00000040   Code   RO            4    .text               startup_stm32f407xx.o
    0x080002b4   0x080002b4   0x0000005e   Code   RO         3828    .text               c_w.l(h1_alloc.o)
    0x08000312   0x08000312   0x0000004e   Code   RO         3830    .text               c_w.l(h1_free.o)
    0x08000360   0x08000360   0x000000b8   Code   RO         3832    .text               c_w.l(h1_realloc.o)
    0x08000418   0x08000418   0x000000ee   Code   RO         3890    .text               c_w.l(lludivv7m.o)
    0x08000506   0x08000506   0x0000003e   Code   RO         3894    .text               c_w.l(strlen.o)
    0x08000544   0x08000544   0x0000008a   Code   RO         3896    .text               c_w.l(rt_memcpy_v6.o)
    0x080005ce   0x080005ce   0x00000064   Code   RO         3898    .text               c_w.l(rt_memcpy_w.o)
    0x08000632   0x08000632   0x0000004e   Code   RO         3900    .text               c_w.l(rt_memclr_w.o)
    0x08000680   0x08000680   0x00000006   Code   RO         3902    .text               c_w.l(heapauxi.o)
    0x08000686   0x08000686   0x00000002   PAD
    0x08000688   0x08000688   0x00000024   Code   RO         3909    .text               c_w.l(init_aeabi.o)
    0x080006ac   0x080006ac   0x00000008   Code   RO         4043    .text               c_w.l(rt_heap_descriptor_intlibspace.o)
    0x080006b4   0x080006b4   0x00000004   Code   RO         4045    .text               c_w.l(hguard.o)
    0x080006b8   0x080006b8   0x0000008a   Code   RO         4047    .text               c_w.l(init_alloc.o)
    0x08000742   0x08000742   0x0000000e   Code   RO         4051    .text               c_w.l(h1_init.o)
    0x08000750   0x08000750   0x0000000e   Code   RO         4158    .text               c_w.l(defsig_pvfn_outer.o)
    0x0800075e   0x0800075e   0x00000002   PAD
    0x08000760   0x08000760   0x00000008   Code   RO         4237    .text               c_w.l(libspace.o)
    0x08000768   0x08000768   0x00000034   Code   RO         4263    .text               c_w.l(h1_extend.o)
    0x0800079c   0x0800079c   0x0000000a   Code   RO         4285    .text               c_w.l(defsig_exit.o)
    0x080007a6   0x080007a6   0x0000000e   Code   RO         4287    .text               c_w.l(defsig_rtmem_outer.o)
    0x080007b4   0x080007b4   0x00000030   Code   RO         4291    .text               c_w.l(defsig_pvfn_inner.o)
    0x080007e4   0x080007e4   0x0000000c   Code   RO         4313    .text               c_w.l(sys_exit.o)
    0x080007f0   0x080007f0   0x00000002   Code   RO         4315    .text               c_w.l(use_no_semi.o)
    0x080007f2   0x080007f2   0x00000000   Code   RO         4317    .text               c_w.l(indicate_semi.o)
    0x080007f2   0x080007f2   0x0000004a   Code   RO         4318    .text               c_w.l(sys_stackheap_outer.o)
    0x0800083c   0x0800083c   0x00000012   Code   RO         4364    .text               c_w.l(exit.o)
    0x0800084e   0x0800084e   0x00000032   Code   RO         4370    .text               c_w.l(defsig_general.o)
    0x08000880   0x08000880   0x00000050   Code   RO         4376    .text               c_w.l(defsig_rtmem_inner.o)
    0x080008d0   0x080008d0   0x0000000e   Code   RO         4395    .text               c_w.l(sys_wrch.o)
    0x080008de   0x080008de   0x00000004   Code   RO         2857    i.BusFault_Handler  stm32f4xx_it.o
    0x080008e2   0x080008e2   0x00000002   PAD
    0x080008e4   0x080008e4   0x00000078   Code   RO         2774    i.CDC_Control_FS    usbd_cdc_if.o
    0x0800095c   0x0800095c   0x00000004   Code   RO         2775    i.CDC_DeInit_FS     usbd_cdc_if.o
    0x08000960   0x08000960   0x00000024   Code   RO         2776    i.CDC_Init_FS       usbd_cdc_if.o
    0x08000984   0x08000984   0x00000058   Code   RO         2777    i.CDC_Receive_FS    usbd_cdc_if.o
    0x080009dc   0x080009dc   0x00000038   Code   RO         2778    i.CDC_Transmit_FS   usbd_cdc_if.o
    0x08000a14   0x08000a14   0x00000002   Code   RO         2858    i.DebugMon_Handler  stm32f4xx_it.o
    0x08000a16   0x08000a16   0x00000002   Code   RO         2372    i.Error_Handler     main.o
    0x08000a18   0x08000a18   0x00000034   Code   RO         2693    i.Get_SerialNum     usbd_desc.o
    0x08000a4c   0x08000a4c   0x00000028   Code   RO         1683    i.HAL_Delay         stm32f4xx_hal.o
    0x08000a74   0x08000a74   0x00000200   Code   RO         1152    i.HAL_GPIO_Init     stm32f4xx_hal_gpio.o
    0x08000c74   0x08000c74   0x0000000c   Code   RO         1689    i.HAL_GetTick       stm32f4xx_hal.o
    0x08000c80   0x08000c80   0x00000018   Code   RO         1695    i.HAL_IncTick       stm32f4xx_hal.o
    0x08000c98   0x08000c98   0x0000003c   Code   RO         1696    i.HAL_Init          stm32f4xx_hal.o
    0x08000cd4   0x08000cd4   0x0000004c   Code   RO         1697    i.HAL_InitTick      stm32f4xx_hal.o
    0x08000d20   0x08000d20   0x00000048   Code   RO         2939    i.HAL_MspInit       stm32f4xx_hal_msp.o
    0x08000d68   0x08000d68   0x00000020   Code   RO         1541    i.HAL_NVIC_EnableIRQ  stm32f4xx_hal_cortex.o
    0x08000d88   0x08000d88   0x0000007c   Code   RO         1547    i.HAL_NVIC_SetPriority  stm32f4xx_hal_cortex.o
    0x08000e04   0x08000e04   0x00000028   Code   RO         1548    i.HAL_NVIC_SetPriorityGrouping  stm32f4xx_hal_cortex.o
    0x08000e2c   0x08000e2c   0x00000002   Code   RO          369    i.HAL_PCDEx_LPM_Callback  stm32f4xx_hal_pcd_ex.o
    0x08000e2e   0x08000e2e   0x0000000a   Code   RO          370    i.HAL_PCDEx_SetRxFiFo  stm32f4xx_hal_pcd_ex.o
    0x08000e38   0x08000e38   0x0000004e   Code   RO          371    i.HAL_PCDEx_SetTxFiFo  stm32f4xx_hal_pcd_ex.o
    0x08000e86   0x08000e86   0x0000000e   Code   RO         2494    i.HAL_PCD_ConnectCallback  usbd_conf.o
    0x08000e94   0x08000e94   0x00000020   Code   RO         2495    i.HAL_PCD_DataInStageCallback  usbd_conf.o
    0x08000eb4   0x08000eb4   0x00000020   Code   RO         2496    i.HAL_PCD_DataOutStageCallback  usbd_conf.o
    0x08000ed4   0x08000ed4   0x0000000e   Code   RO         2497    i.HAL_PCD_DisconnectCallback  usbd_conf.o
    0x08000ee2   0x08000ee2   0x0000006a   Code   RO          148    i.HAL_PCD_EP_Close  stm32f4xx_hal_pcd.o
    0x08000f4c   0x08000f4c   0x0000007c   Code   RO          149    i.HAL_PCD_EP_ClrStall  stm32f4xx_hal_pcd.o
    0x08000fc8   0x08000fc8   0x00000016   Code   RO          151    i.HAL_PCD_EP_GetRxCount  stm32f4xx_hal_pcd.o
    0x08000fde   0x08000fde   0x0000008c   Code   RO          152    i.HAL_PCD_EP_Open   stm32f4xx_hal_pcd.o
    0x0800106a   0x0800106a   0x00000058   Code   RO          153    i.HAL_PCD_EP_Receive  stm32f4xx_hal_pcd.o
    0x080010c2   0x080010c2   0x0000008a   Code   RO          154    i.HAL_PCD_EP_SetStall  stm32f4xx_hal_pcd.o
    0x0800114c   0x0800114c   0x0000005a   Code   RO          155    i.HAL_PCD_EP_Transmit  stm32f4xx_hal_pcd.o
    0x080011a6   0x080011a6   0x0000053e   Code   RO          157    i.HAL_PCD_IRQHandler  stm32f4xx_hal_pcd.o
    0x080016e4   0x080016e4   0x00000012   Code   RO         2498    i.HAL_PCD_ISOINIncompleteCallback  usbd_conf.o
    0x080016f6   0x080016f6   0x00000012   Code   RO         2499    i.HAL_PCD_ISOOUTIncompleteCallback  usbd_conf.o
    0x08001708   0x08001708   0x00000166   Code   RO          160    i.HAL_PCD_Init      stm32f4xx_hal_pcd.o
    0x0800186e   0x0800186e   0x00000002   PAD
    0x08001870   0x08001870   0x000000a0   Code   RO         2501    i.HAL_PCD_MspInit   usbd_conf.o
    0x08001910   0x08001910   0x00000030   Code   RO         2502    i.HAL_PCD_ResetCallback  usbd_conf.o
    0x08001940   0x08001940   0x0000000e   Code   RO         2503    i.HAL_PCD_ResumeCallback  usbd_conf.o
    0x0800194e   0x0800194e   0x0000000e   Code   RO         2504    i.HAL_PCD_SOFCallback  usbd_conf.o
    0x0800195c   0x0800195c   0x00000036   Code   RO          166    i.HAL_PCD_SetAddress  stm32f4xx_hal_pcd.o
    0x08001992   0x08001992   0x00000012   Code   RO         2505    i.HAL_PCD_SetupStageCallback  usbd_conf.o
    0x080019a4   0x080019a4   0x0000004a   Code   RO          168    i.HAL_PCD_Start     stm32f4xx_hal_pcd.o
    0x080019ee   0x080019ee   0x00000002   PAD
    0x080019f0   0x080019f0   0x00000034   Code   RO         2506    i.HAL_PCD_SuspendCallback  usbd_conf.o
    0x08001a24   0x08001a24   0x00000180   Code   RO          753    i.HAL_RCC_ClockConfig  stm32f4xx_hal_rcc.o
    0x08001ba4   0x08001ba4   0x0000000c   Code   RO          758    i.HAL_RCC_GetHCLKFreq  stm32f4xx_hal_rcc.o
    0x08001bb0   0x08001bb0   0x000000b0   Code   RO          762    i.HAL_RCC_GetSysClockFreq  stm32f4xx_hal_rcc.o
    0x08001c60   0x08001c60   0x00000448   Code   RO          765    i.HAL_RCC_OscConfig  stm32f4xx_hal_rcc.o
    0x080020a8   0x080020a8   0x00000034   Code   RO         1552    i.HAL_SYSTICK_Config  stm32f4xx_hal_cortex.o
    0x080020dc   0x080020dc   0x00000004   Code   RO         2859    i.HardFault_Handler  stm32f4xx_it.o
    0x080020e0   0x080020e0   0x0000003e   Code   RO         2694    i.IntToUnicode      usbd_desc.o
    0x0800211e   0x0800211e   0x00000002   PAD
    0x08002120   0x08002120   0x00000064   Code   RO         2427    i.MX_GPIO_Init      gpio.o
    0x08002184   0x08002184   0x0000004c   Code   RO         2451    i.MX_USB_DEVICE_Init  usb_device.o
    0x080021d0   0x080021d0   0x00000004   Code   RO         2860    i.MemManage_Handler  stm32f4xx_it.o
    0x080021d4   0x080021d4   0x00000002   Code   RO         2861    i.NMI_Handler       stm32f4xx_it.o
    0x080021d6   0x080021d6   0x00000002   PAD
    0x080021d8   0x080021d8   0x00000010   Code   RO         2862    i.OTG_FS_IRQHandler  stm32f4xx_it.o
    0x080021e8   0x080021e8   0x0000008c   Code   RO          171    i.PCD_EP_OutSetupPacket_int  stm32f4xx_hal_pcd.o
    0x08002274   0x08002274   0x00000180   Code   RO          172    i.PCD_EP_OutXfrComplete_int  stm32f4xx_hal_pcd.o
    0x080023f4   0x080023f4   0x000000b6   Code   RO          173    i.PCD_WriteEmptyTxFifo  stm32f4xx_hal_pcd.o
    0x080024aa   0x080024aa   0x00000002   Code   RO         2863    i.PendSV_Handler    stm32f4xx_it.o
    0x080024ac   0x080024ac   0x00000002   Code   RO         2864    i.SVC_Handler       stm32f4xx_it.o
    0x080024ae   0x080024ae   0x00000008   Code   RO         2865    i.SysTick_Handler   stm32f4xx_it.o
    0x080024b6   0x080024b6   0x00000002   PAD
    0x080024b8   0x080024b8   0x000000b4   Code   RO         2373    i.SystemClock_Config  main.o
    0x0800256c   0x0800256c   0x00000064   Code   RO           14    i.SystemInit        system_stm32f4xx.o
    0x080025d0   0x080025d0   0x0000007c   Code   RO         2263    i.USBD_CDC_DataIn   usbd_cdc.o
    0x0800264c   0x0800264c   0x00000034   Code   RO         2264    i.USBD_CDC_DataOut  usbd_cdc.o
    0x08002680   0x08002680   0x0000004e   Code   RO         2265    i.USBD_CDC_DeInit   usbd_cdc.o
    0x080026ce   0x080026ce   0x00000032   Code   RO         2266    i.USBD_CDC_EP0_RxReady  usbd_cdc.o
    0x08002700   0x08002700   0x00000010   Code   RO         2267    i.USBD_CDC_GetDeviceQualifierDescriptor  usbd_cdc.o
    0x08002710   0x08002710   0x00000010   Code   RO         2268    i.USBD_CDC_GetFSCfgDesc  usbd_cdc.o
    0x08002720   0x08002720   0x00000010   Code   RO         2269    i.USBD_CDC_GetHSCfgDesc  usbd_cdc.o
    0x08002730   0x08002730   0x00000010   Code   RO         2270    i.USBD_CDC_GetOtherSpeedCfgDesc  usbd_cdc.o
    0x08002740   0x08002740   0x000000b8   Code   RO         2271    i.USBD_CDC_Init     usbd_cdc.o
    0x080027f8   0x080027f8   0x0000003a   Code   RO         2272    i.USBD_CDC_ReceivePacket  usbd_cdc.o
    0x08002832   0x08002832   0x0000000e   Code   RO         2273    i.USBD_CDC_RegisterInterface  usbd_cdc.o
    0x08002840   0x08002840   0x0000000e   Code   RO         2274    i.USBD_CDC_SetRxBuffer  usbd_cdc.o
    0x0800284e   0x0800284e   0x00000014   Code   RO         2275    i.USBD_CDC_SetTxBuffer  usbd_cdc.o
    0x08002862   0x08002862   0x000000f4   Code   RO         2276    i.USBD_CDC_Setup    usbd_cdc.o
    0x08002956   0x08002956   0x0000003e   Code   RO         2277    i.USBD_CDC_TransmitPacket  usbd_cdc.o
    0x08002994   0x08002994   0x00000016   Code   RO         1931    i.USBD_ClrClassConfig  usbd_core.o
    0x080029aa   0x080029aa   0x0000003e   Code   RO         2100    i.USBD_ClrFeature   usbd_ctlreq.o
    0x080029e8   0x080029e8   0x00000018   Code   RO         2199    i.USBD_CtlContinueRx  usbd_ioreq.o
    0x08002a00   0x08002a00   0x00000018   Code   RO         2200    i.USBD_CtlContinueSendData  usbd_ioreq.o
    0x08002a18   0x08002a18   0x00000018   Code   RO         2101    i.USBD_CtlError     usbd_ctlreq.o
    0x08002a30   0x08002a30   0x00000028   Code   RO         2201    i.USBD_CtlPrepareRx  usbd_ioreq.o
    0x08002a58   0x08002a58   0x0000001a   Code   RO         2202    i.USBD_CtlReceiveStatus  usbd_ioreq.o
    0x08002a72   0x08002a72   0x00000022   Code   RO         2203    i.USBD_CtlSendData  usbd_ioreq.o
    0x08002a94   0x08002a94   0x0000001a   Code   RO         2204    i.USBD_CtlSendStatus  usbd_ioreq.o
    0x08002aae   0x08002aae   0x00000002   PAD
    0x08002ab0   0x08002ab0   0x00000034   Code   RO         2695    i.USBD_FS_ConfigStrDescriptor  usbd_desc.o
    0x08002ae4   0x08002ae4   0x00000010   Code   RO         2696    i.USBD_FS_DeviceDescriptor  usbd_desc.o
    0x08002af4   0x08002af4   0x00000038   Code   RO         2697    i.USBD_FS_InterfaceStrDescriptor  usbd_desc.o
    0x08002b2c   0x08002b2c   0x00000010   Code   RO         2698    i.USBD_FS_LangIDStrDescriptor  usbd_desc.o
    0x08002b3c   0x08002b3c   0x0000002c   Code   RO         2699    i.USBD_FS_ManufacturerStrDescriptor  usbd_desc.o
    0x08002b68   0x08002b68   0x00000040   Code   RO         2700    i.USBD_FS_ProductStrDescriptor  usbd_desc.o
    0x08002ba8   0x08002ba8   0x00000018   Code   RO         2701    i.USBD_FS_SerialStrDescriptor  usbd_desc.o
    0x08002bc0   0x08002bc0   0x00000056   Code   RO         2102    i.USBD_GetConfig    usbd_ctlreq.o
    0x08002c16   0x08002c16   0x00000152   Code   RO         2103    i.USBD_GetDescriptor  usbd_ctlreq.o
    0x08002d68   0x08002d68   0x00000014   Code   RO         2104    i.USBD_GetLen       usbd_ctlreq.o
    0x08002d7c   0x08002d7c   0x0000005a   Code   RO         2105    i.USBD_GetStatus    usbd_ctlreq.o
    0x08002dd6   0x08002dd6   0x00000052   Code   RO         2106    i.USBD_GetString    usbd_ctlreq.o
    0x08002e28   0x08002e28   0x0000002c   Code   RO         2507    i.USBD_Get_USB_Status  usbd_conf.o
    0x08002e54   0x08002e54   0x00000032   Code   RO         1933    i.USBD_Init         usbd_core.o
    0x08002e86   0x08002e86   0x00000026   Code   RO         2508    i.USBD_LL_ClearStallEP  usbd_conf.o
    0x08002eac   0x08002eac   0x00000026   Code   RO         2509    i.USBD_LL_CloseEP   usbd_conf.o
    0x08002ed2   0x08002ed2   0x00000100   Code   RO         1934    i.USBD_LL_DataInStage  usbd_core.o
    0x08002fd2   0x08002fd2   0x000000a6   Code   RO         1935    i.USBD_LL_DataOutStage  usbd_core.o
    0x08003078   0x08003078   0x00000006   Code   RO         1936    i.USBD_LL_DevConnected  usbd_core.o
    0x0800307e   0x0800307e   0x0000001a   Code   RO         1937    i.USBD_LL_DevDisconnected  usbd_core.o
    0x08003098   0x08003098   0x00000012   Code   RO         2513    i.USBD_LL_GetRxDataSize  usbd_conf.o
    0x080030aa   0x080030aa   0x00000002   PAD
    0x080030ac   0x080030ac   0x00000068   Code   RO         2514    i.USBD_LL_Init      usbd_conf.o
    0x08003114   0x08003114   0x00000038   Code   RO         2515    i.USBD_LL_IsStallEP  usbd_conf.o
    0x0800314c   0x0800314c   0x00000006   Code   RO         1938    i.USBD_LL_IsoINIncomplete  usbd_core.o
    0x08003152   0x08003152   0x00000006   Code   RO         1939    i.USBD_LL_IsoOUTIncomplete  usbd_core.o
    0x08003158   0x08003158   0x00000030   Code   RO         2516    i.USBD_LL_OpenEP    usbd_conf.o
    0x08003188   0x08003188   0x00000030   Code   RO         2517    i.USBD_LL_PrepareReceive  usbd_conf.o
    0x080031b8   0x080031b8   0x0000005c   Code   RO         1940    i.USBD_LL_Reset     usbd_core.o
    0x08003214   0x08003214   0x0000000e   Code   RO         1941    i.USBD_LL_Resume    usbd_core.o
    0x08003222   0x08003222   0x00000022   Code   RO         1942    i.USBD_LL_SOF       usbd_core.o
    0x08003244   0x08003244   0x00000008   Code   RO         1943    i.USBD_LL_SetSpeed  usbd_core.o
    0x0800324c   0x0800324c   0x00000026   Code   RO         2518    i.USBD_LL_SetUSBAddress  usbd_conf.o
    0x08003272   0x08003272   0x0000006e   Code   RO         1944    i.USBD_LL_SetupStage  usbd_core.o
    0x080032e0   0x080032e0   0x00000026   Code   RO         2519    i.USBD_LL_StallEP   usbd_conf.o
    0x08003306   0x08003306   0x0000001e   Code   RO         2520    i.USBD_LL_Start     usbd_conf.o
    0x08003324   0x08003324   0x00000014   Code   RO         1945    i.USBD_LL_Suspend   usbd_core.o
    0x08003338   0x08003338   0x00000030   Code   RO         2522    i.USBD_LL_Transmit  usbd_conf.o
    0x08003368   0x08003368   0x00000028   Code   RO         2107    i.USBD_ParseSetupRequest  usbd_ctlreq.o
    0x08003390   0x08003390   0x00000010   Code   RO         1946    i.USBD_RegisterClass  usbd_core.o
    0x080033a0   0x080033a0   0x00000006   Code   RO         1947    i.USBD_RunTestMode  usbd_core.o
    0x080033a6   0x080033a6   0x0000005a   Code   RO         2108    i.USBD_SetAddress   usbd_ctlreq.o
    0x08003400   0x08003400   0x00000022   Code   RO         1948    i.USBD_SetClassConfig  usbd_core.o
    0x08003422   0x08003422   0x00000002   PAD
    0x08003424   0x08003424   0x000000e8   Code   RO         2109    i.USBD_SetConfig    usbd_ctlreq.o
    0x0800350c   0x0800350c   0x00000018   Code   RO         2110    i.USBD_SetFeature   usbd_ctlreq.o
    0x08003524   0x08003524   0x0000000e   Code   RO         1949    i.USBD_Start        usbd_core.o
    0x08003532   0x08003532   0x000000a2   Code   RO         2111    i.USBD_StdDevReq    usbd_ctlreq.o
    0x080035d4   0x080035d4   0x00000238   Code   RO         2112    i.USBD_StdEPReq     usbd_ctlreq.o
    0x0800380c   0x0800380c   0x0000007e   Code   RO         2113    i.USBD_StdItfReq    usbd_ctlreq.o
    0x0800388a   0x0800388a   0x00000002   PAD
    0x0800388c   0x0800388c   0x000000d0   Code   RO          411    i.USB_ActivateEndpoint  stm32f4xx_ll_usb.o
    0x0800395c   0x0800395c   0x00000046   Code   RO          413    i.USB_ActivateSetup  stm32f4xx_ll_usb.o
    0x080039a2   0x080039a2   0x00000002   PAD
    0x080039a4   0x080039a4   0x00000084   Code   RO          415    i.USB_CoreInit      stm32f4xx_ll_usb.o
    0x08003a28   0x08003a28   0x0000004c   Code   RO          416    i.USB_CoreReset     stm32f4xx_ll_usb.o
    0x08003a74   0x08003a74   0x000000c4   Code   RO          419    i.USB_DeactivateEndpoint  stm32f4xx_ll_usb.o
    0x08003b38   0x08003b38   0x00000020   Code   RO          420    i.USB_DevConnect    stm32f4xx_ll_usb.o
    0x08003b58   0x08003b58   0x00000020   Code   RO          421    i.USB_DevDisconnect  stm32f4xx_ll_usb.o
    0x08003b78   0x08003b78   0x000001f4   Code   RO          422    i.USB_DevInit       stm32f4xx_ll_usb.o
    0x08003d6c   0x08003d6c   0x0000000e   Code   RO          423    i.USB_DisableGlobalInt  stm32f4xx_ll_usb.o
    0x08003d7a   0x08003d7a   0x00000002   PAD
    0x08003d7c   0x08003d7c   0x000001d8   Code   RO          426    i.USB_EP0StartXfer  stm32f4xx_ll_usb.o
    0x08003f54   0x08003f54   0x00000070   Code   RO          427    i.USB_EP0_OutStart  stm32f4xx_ll_usb.o
    0x08003fc4   0x08003fc4   0x0000008e   Code   RO          428    i.USB_EPClearStall  stm32f4xx_ll_usb.o
    0x08004052   0x08004052   0x0000009a   Code   RO          429    i.USB_EPSetStall    stm32f4xx_ll_usb.o
    0x080040ec   0x080040ec   0x00000344   Code   RO          430    i.USB_EPStartXfer   stm32f4xx_ll_usb.o
    0x08004430   0x08004430   0x0000000e   Code   RO          431    i.USB_EnableGlobalInt  stm32f4xx_ll_usb.o
    0x0800443e   0x0800443e   0x00000002   PAD
    0x08004440   0x08004440   0x0000002c   Code   RO          432    i.USB_FlushRxFifo   stm32f4xx_ll_usb.o
    0x0800446c   0x0800446c   0x00000030   Code   RO          433    i.USB_FlushTxFifo   stm32f4xx_ll_usb.o
    0x0800449c   0x0800449c   0x00000026   Code   RO          435    i.USB_GetDevSpeed   stm32f4xx_ll_usb.o
    0x080044c2   0x080044c2   0x0000000a   Code   RO          437    i.USB_GetMode       stm32f4xx_ll_usb.o
    0x080044cc   0x080044cc   0x00000014   Code   RO          444    i.USB_ReadDevAllInEpInterrupt  stm32f4xx_ll_usb.o
    0x080044e0   0x080044e0   0x00000014   Code   RO          445    i.USB_ReadDevAllOutEpInterrupt  stm32f4xx_ll_usb.o
    0x080044f4   0x080044f4   0x00000032   Code   RO          446    i.USB_ReadDevInEPInterrupt  stm32f4xx_ll_usb.o
    0x08004526   0x08004526   0x0000001a   Code   RO          447    i.USB_ReadDevOutEPInterrupt  stm32f4xx_ll_usb.o
    0x08004540   0x08004540   0x0000000a   Code   RO          448    i.USB_ReadInterrupts  stm32f4xx_ll_usb.o
    0x0800454a   0x0800454a   0x00000022   Code   RO          449    i.USB_ReadPacket    stm32f4xx_ll_usb.o
    0x0800456c   0x0800456c   0x00000036   Code   RO          451    i.USB_SetCurrentMode  stm32f4xx_ll_usb.o
    0x080045a2   0x080045a2   0x0000002a   Code   RO          452    i.USB_SetDevAddress  stm32f4xx_ll_usb.o
    0x080045cc   0x080045cc   0x00000012   Code   RO          453    i.USB_SetDevSpeed   stm32f4xx_ll_usb.o
    0x080045de   0x080045de   0x00000002   PAD
    0x080045e0   0x080045e0   0x000000e8   Code   RO          454    i.USB_SetTurnaroundTime  stm32f4xx_ll_usb.o
    0x080046c8   0x080046c8   0x0000003c   Code   RO          457    i.USB_WritePacket   stm32f4xx_ll_usb.o
    0x08004704   0x08004704   0x00000004   Code   RO         2866    i.UsageFault_Handler  stm32f4xx_it.o
    0x08004708   0x08004708   0x00000094   Code   RO         3037    i._Z13publishImuMsgv  ros_main.o
    0x0800479c   0x0800479c   0x0000000c   Code   RO         3447    i._ZN11sensor_msgs3Imu6getMD5Ev  ros_main.o
    0x080047a8   0x080047a8   0x0000000c   Code   RO         3441    i._ZN11sensor_msgs3Imu7getTypeEv  ros_main.o
    0x080047b4   0x080047b4   0x000000b8   Code   RO         3246    i._ZN11sensor_msgs3ImuC1Ev  ros_main.o
    0x0800486c   0x0800486c   0x0000000c   Code   RO         3411    i._ZN13geometry_msgs10Quaternion6getMD5Ev  ros_main.o
    0x08004878   0x08004878   0x0000000c   Code   RO         3405    i._ZN13geometry_msgs10Quaternion7getTypeEv  ros_main.o
    0x08004884   0x08004884   0x0000000c   Code   RO         3423    i._ZN13geometry_msgs7Vector36getMD5Ev  ros_main.o
    0x08004890   0x08004890   0x0000000c   Code   RO         3417    i._ZN13geometry_msgs7Vector37getTypeEv  ros_main.o
    0x0800489c   0x0800489c   0x00000034   Code   RO         3207    i._ZN13geometry_msgs7Vector3C1Ev  ros_main.o
    0x080048d0   0x080048d0   0x00000188   Code   RO         3133    i._ZN14rosserial_msgs20RequestParamResponse11deserializeEPh  ros_main.o
    0x08004a58   0x08004a58   0x0000000c   Code   RO         3399    i._ZN14rosserial_msgs20RequestParamResponse6getMD5Ev  ros_main.o
    0x08004a64   0x08004a64   0x0000000c   Code   RO         3393    i._ZN14rosserial_msgs20RequestParamResponse7getTypeEv  ros_main.o
    0x08004a70   0x08004a70   0x0000000c   Code   RO         3475    i._ZN14rosserial_msgs3Log6getMD5Ev  ros_main.o
    0x08004a7c   0x08004a7c   0x0000000c   Code   RO         3469    i._ZN14rosserial_msgs3Log7getTypeEv  ros_main.o
    0x08004a88   0x08004a88   0x0000000c   Code   RO         3381    i._ZN14rosserial_msgs9TopicInfo6getMD5Ev  ros_main.o
    0x08004a94   0x08004a94   0x0000000c   Code   RO         3375    i._ZN14rosserial_msgs9TopicInfo7getTypeEv  ros_main.o
    0x08004aa0   0x08004aa0   0x00000024   Code   RO         3001    i._ZN3ros16normalizeSecNSecERjS0_  time.o
    0x08004ac4   0x08004ac4   0x00000074   Code   RO         3159    i._ZN3ros3Msg19serializeAvrFloat64EPhf  ros_main.o
    0x08004b38   0x08004b38   0x0000000c   Code   RO         3231    i._ZN3ros3MsgC2Ev   ros_main.o
    0x08004b44   0x08004b44   0x00000008   Code   RO         3225    i._ZN3ros4TimeC1Ev  ros_main.o
    0x08004b4c   0x08004b4c   0x00000014   Code   RO         3101    i._ZN3ros9Publisher7publishEPKNS_3MsgE  ros_main.o
    0x08004b60   0x08004b60   0x00000008   Code   RO         3240    i._ZN3ros9PublisherC1EPKcPNS_3MsgEi  ros_main.o
    0x08004b68   0x08004b68   0x0000005c   Code   RO         3139    i._ZN8std_msgs4Time11deserializeEPh  ros_main.o
    0x08004bc4   0x08004bc4   0x0000000c   Code   RO         3321    i._ZN8std_msgs4Time6getMD5Ev  ros_main.o
    0x08004bd0   0x08004bd0   0x0000000c   Code   RO         3315    i._ZN8std_msgs4Time7getTypeEv  ros_main.o
    0x08004bdc   0x08004bdc   0x00000020   Code   RO         3114    i._ZN8std_msgs4TimeC1Ev  ros_main.o
    0x08004bfc   0x08004bfc   0x0000000c   Code   RO         3357    i._ZN8std_msgs6Header6getMD5Ev  ros_main.o
    0x08004c08   0x08004c08   0x0000000c   Code   RO         3351    i._ZN8std_msgs6Header7getTypeEv  ros_main.o
    0x08004c14   0x08004c14   0x0000000c   Code   RO         3345    i._ZN8std_msgs6String6getMD5Ev  ros_main.o
    0x08004c20   0x08004c20   0x0000000c   Code   RO         3339    i._ZN8std_msgs6String7getTypeEv  ros_main.o
    0x08004c2c   0x08004c2c   0x0000001e   Code   RO         3726    i._ZN9USBSerial4readEv  usbserial.o
    0x08004c4a   0x08004c4a   0x0000000c   Code   RO         3727    i._ZN9USBSerial5beginEj  usbserial.o
    0x08004c56   0x08004c56   0x0000000a   Code   RO         3731    i._ZN9USBSerial9availableEv  usbserial.o
    0x08004c60   0x08004c60   0x0000001c   Code   RO         3732    i._ZN9USBSerialC1Ev  usbserial.o
    0x08004c7c   0x08004c7c   0x000000a4   Code   RO         3429    i._ZNK11sensor_msgs3Imu9serializeEPh  ros_main.o
    0x08004d20   0x08004d20   0x0000004c   Code   RO         3195    i._ZNK13geometry_msgs10Quaternion9serializeEPh  ros_main.o
    0x08004d6c   0x08004d6c   0x0000003c   Code   RO         3213    i._ZNK13geometry_msgs7Vector39serializeEPh  ros_main.o
    0x08004da8   0x08004da8   0x00000106   Code   RO         3387    i._ZNK14rosserial_msgs20RequestParamResponse9serializeEPh  ros_main.o
    0x08004eae   0x08004eae   0x00000034   Code   RO         3457    i._ZNK14rosserial_msgs3Log9serializeEPh  ros_main.o
    0x08004ee2   0x08004ee2   0x0000009a   Code   RO         3363    i._ZNK14rosserial_msgs9TopicInfo9serializeEPh  ros_main.o
    0x08004f7c   0x08004f7c   0x00000044   Code   RO         3309    i._ZNK8std_msgs4Time9serializeEPh  ros_main.o
    0x08004fc0   0x08004fc0   0x00000088   Code   RO         3183    i._ZNK8std_msgs6Header9serializeEPh  ros_main.o
    0x08005048   0x08005048   0x0000002e   Code   RO         3327    i._ZNK8std_msgs6String9serializeEPh  ros_main.o
    0x08005076   0x08005076   0x00000002   PAD
    0x08005078   0x08005078   0x00000010   Code   RO         1554    i.__NVIC_GetPriorityGrouping  stm32f4xx_hal_cortex.o
    0x08005088   0x08005088   0x00000028   Code   RO         1555    i.__NVIC_SetPriority  stm32f4xx_hal_cortex.o
    0x080050b0   0x080050b0   0x00000006   Code   RO         3912    i.__cxa_pure_virtual  cpprt_w.l(pure_virt.o)
    0x080050b6   0x080050b6   0x00000002   PAD
    0x080050b8   0x080050b8   0x00000064   Code   RO         3038    i.__sti___12_ros_main_cpp_nh  ros_main.o
    0x0800511c   0x0800511c   0x00000010   Code   RO         3733    i.__sti___13_USBSerial_cpp_Serial0  usbserial.o
    0x0800512c   0x0800512c   0x00000050   Code   RO         3039    i.loop              ros_main.o
    0x0800517c   0x0800517c   0x0000001c   Code   RO         2374    i.main              main.o
    0x08005198   0x08005198   0x00000048   Code   RO         3040    i.setup             ros_main.o
    0x080051e0   0x080051e0   0x00000018   Code   RO         2779    i.vcp_available     usbd_cdc_if.o
    0x080051f8   0x080051f8   0x00000044   Code   RO         2781    i.vcp_read          usbd_cdc_if.o
    0x0800523c   0x0800523c   0x0000013c   Code   RO         3145    t._ZN3ros11NodeHandle_I13STM32HardwareLi25ELi25ELi1024ELi1024EE15negotiateTopicsEv  ros_main.o
    0x08005378   0x08005378   0x00000024   Code   RO         3120    t._ZN3ros11NodeHandle_I13STM32HardwareLi25ELi25ELi1024ELi1024EE15requestSyncTimeEv  ros_main.o
    0x0800539c   0x0800539c   0x0000011c   Code   RO         3302    t._ZN3ros11NodeHandle_I13STM32HardwareLi25ELi25ELi1024ELi1024EE7publishEiPKNS_3MsgE  ros_main.o
    0x080054b8   0x080054b8   0x0000028c   Code   RO         3152    t._ZN3ros11NodeHandle_I13STM32HardwareLi25ELi25ELi1024ELi1024EE8spinOnceEv  ros_main.o
    0x08005744   0x08005744   0x000000a4   Code   RO         3234    t._ZN3ros11NodeHandle_I13STM32HardwareLi25ELi25ELi1024ELi1024EE8syncTimeEPh  ros_main.o
    0x080057e8   0x080057e8   0x00000030   Code   RO         3108    t._ZN3ros11NodeHandle_I13STM32HardwareLi25ELi25ELi1024ELi1024EE9advertiseERNS_9PublisherE  ros_main.o
    0x08005818   0x08005818   0x000000cc   Code   RO         3177    t._ZN3ros11NodeHandle_I13STM32HardwareLi25ELi25ELi1024ELi1024EEC1Ev  ros_main.o
    0x080058e4   0x080058e4   0x00000020   Code   RO         3127    t._ZN3ros3Msg8arrToVarIjPhEEvRT_T0_  ros_main.o
    0x08005904   0x08005904   0x00000016   Code   RO         3171    t._ZN3ros3Msg8varToArrIPhjEEvT_T0_  ros_main.o
    0x0800591a   0x0800591a   0x0000000a   Code   RO         4311    x$fpl$fpinit        fz_wm.l(fpinit.o)
    0x08005924   0x08005924   0x00000018   Data   RO           15    .constdata          system_stm32f4xx.o
    0x0800593c   0x0800593c   0x0000001c   Data   RO         3046    .constdata          ros_main.o
    0x08005958   0x08005958   0x00000014   Data   RO         3798    .constdata__ZTV9USBSerial  usbserial.o
    0x0800596c   0x0800596c   0x00000018   Data   RO         3271    .constdata__ZTVN11sensor_msgs3ImuE  ros_main.o
    0x08005984   0x08005984   0x00000018   Data   RO         3267    .constdata__ZTVN13geometry_msgs10QuaternionE  ros_main.o
    0x0800599c   0x0800599c   0x00000018   Data   RO         3269    .constdata__ZTVN13geometry_msgs7Vector3E  ros_main.o
    0x080059b4   0x080059b4   0x00000018   Data   RO         3259    .constdata__ZTVN14rosserial_msgs20RequestParamResponseE  ros_main.o
    0x080059cc   0x080059cc   0x00000018   Data   RO         3454    .constdata__ZTVN14rosserial_msgs3LogE  ros_main.o
    0x080059e4   0x080059e4   0x00000018   Data   RO         3257    .constdata__ZTVN14rosserial_msgs9TopicInfoE  ros_main.o
    0x080059fc   0x080059fc   0x00000014   Data   RO         3273    .constdata__ZTVN3ros11NodeHandle_I13STM32HardwareLi25ELi25ELi1024ELi1024EEE  ros_main.o
    0x08005a10   0x08005a10   0x00000014   Data   RO         3261    .constdata__ZTVN3ros15NodeHandleBase_E  ros_main.o
    0x08005a24   0x08005a24   0x00000018   Data   RO         3253    .constdata__ZTVN3ros3MsgE  ros_main.o
    0x08005a3c   0x08005a3c   0x00000018   Data   RO         3255    .constdata__ZTVN8std_msgs4TimeE  ros_main.o
    0x08005a54   0x08005a54   0x00000018   Data   RO         3265    .constdata__ZTVN8std_msgs6HeaderE  ros_main.o
    0x08005a6c   0x08005a6c   0x00000018   Data   RO         3263    .constdata__ZTVN8std_msgs6StringE  ros_main.o
    0x08005a84   0x08005a84   0x00000021   Data   RO         3099    .constdata__ZZN11sensor_msgs3Imu6getMD5EvEs  ros_main.o
    0x08005aa5   0x08005aa5   0x00000010   Data   RO         3098    .constdata__ZZN11sensor_msgs3Imu7getTypeEvEs  ros_main.o
    0x08005ab5   0x08005ab5   0x00000021   Data   RO         3095    .constdata__ZZN13geometry_msgs10Quaternion6getMD5EvEs  ros_main.o
    0x08005ad6   0x08005ad6   0x00000019   Data   RO         3094    .constdata__ZZN13geometry_msgs10Quaternion7getTypeEvEs  ros_main.o
    0x08005aef   0x08005aef   0x00000021   Data   RO         3097    .constdata__ZZN13geometry_msgs7Vector36getMD5EvEs  ros_main.o
    0x08005b10   0x08005b10   0x00000016   Data   RO         3096    .constdata__ZZN13geometry_msgs7Vector37getTypeEvEs  ros_main.o
    0x08005b26   0x08005b26   0x00000021   Data   RO         3087    .constdata__ZZN14rosserial_msgs20RequestParamResponse6getMD5EvEs  ros_main.o
    0x08005b47   0x08005b47   0x00000021   Data   RO         3086    .constdata__ZZN14rosserial_msgs3Log6getMD5EvEs  ros_main.o
    0x08005b68   0x08005b68   0x00000013   Data   RO         3085    .constdata__ZZN14rosserial_msgs3Log7getTypeEvEs  ros_main.o
    0x08005b7b   0x08005b7b   0x00000001   Data   RO         3084    .constdata__ZZN14rosserial_msgs3LogC1EvEs  ros_main.o
    0x08005b7c   0x08005b7c   0x00000021   Data   RO         3083    .constdata__ZZN14rosserial_msgs9TopicInfo6getMD5EvEs  ros_main.o
    0x08005b9d   0x08005b9d   0x00000019   Data   RO         3082    .constdata__ZZN14rosserial_msgs9TopicInfo7getTypeEvEs  ros_main.o
    0x08005bb6   0x08005bb6   0x00000001   Data   RO         3081    .constdata__ZZN14rosserial_msgs9TopicInfoC1EvEs  ros_main.o
    0x08005bb7   0x08005bb7   0x00000039   Data   RO         3100    .constdata__ZZN3ros11NodeHandle_I13STM32HardwareLi25ELi25ELi1024ELi1024EE7publishEiPKNS_3MsgEEs  ros_main.o
    0x08005bf0   0x08005bf0   0x00000021   Data   RO         3080    .constdata__ZZN8std_msgs4Time6getMD5EvEs  ros_main.o
    0x08005c11   0x08005c11   0x0000000e   Data   RO         3079    .constdata__ZZN8std_msgs4Time7getTypeEvEs  ros_main.o
    0x08005c1f   0x08005c1f   0x00000021   Data   RO         3093    .constdata__ZZN8std_msgs6Header6getMD5EvEs  ros_main.o
    0x08005c40   0x08005c40   0x00000010   Data   RO         3092    .constdata__ZZN8std_msgs6Header7getTypeEvEs  ros_main.o
    0x08005c50   0x08005c50   0x00000001   Data   RO         3091    .constdata__ZZN8std_msgs6HeaderC1EvEs  ros_main.o
    0x08005c51   0x08005c51   0x00000021   Data   RO         3090    .constdata__ZZN8std_msgs6String6getMD5EvEs  ros_main.o
    0x08005c72   0x08005c72   0x00000010   Data   RO         3089    .constdata__ZZN8std_msgs6String7getTypeEvEs  ros_main.o
    0x08005c82   0x08005c82   0x00000001   Data   RO         3088    .constdata__ZZN8std_msgs6StringC1EvEs  ros_main.o
    0x08005c83   0x08005c83   0x00000001   PAD
    0x08005c84   0x08005c84   0x00000020   Data   RO         4454    Region$$Table       anon$$obj.o
    0x08005ca4   0x08005ca4   0x00000004   Data   RO         3048    .init_array         ros_main.o
    0x08005ca8   0x08005ca4   0x00000004   Data   RO         3745    .init_array         usbserial.o
    0x08005cac   0x08005ca4   0x00000000   Data   RO         3907    .init_array         c_w.l(init_aeabi.o)


    Execution Region RW_IRAM1 (Exec base: 0x20000000, Load base: 0x08005cac, Size: 0x00003c18, Max: 0x00020000, ABSOLUTE, COMPRESSED[0x000000e4])

    Exec Addr    Load Addr    Size         Type   Attr      Idx    E Section Name        Object

    0x20000000   COMPRESSED   0x00000004   Data   RW           16    .data               system_stm32f4xx.o
    0x20000004   COMPRESSED   0x00000009   Data   RW         1703    .data               stm32f4xx_hal.o
    0x2000000d   COMPRESSED   0x00000001   Data   RW         2114    .data               usbd_ctlreq.o
    0x2000000e   COMPRESSED   0x00000002   PAD
    0x20000010   COMPRESSED   0x0000010f   Data   RW         2278    .data               usbd_cdc.o
    0x2000011f   COMPRESSED   0x00000001   PAD
    0x20000120   COMPRESSED   0x0000004e   Data   RW         2703    .data               usbd_desc.o
    0x2000016e   COMPRESSED   0x00000002   PAD
    0x20000170   COMPRESSED   0x00000028   Data   RW         2784    .data               usbd_cdc_if.o
    0x20000198   COMPRESSED   0x00000026   Data   RW         3047    .data               ros_main.o
    0x200001be   COMPRESSED   0x00000002   PAD
    0x200001c0        -       0x0000029c   Zero   RW         2452    .bss                usb_device.o
    0x2000045c        -       0x00000408   Zero   RW         2523    .bss                usbd_conf.o
    0x20000864        -       0x00000200   Zero   RW         2702    .bss                usbd_desc.o
    0x20000a64        -       0x000018ff   Zero   RW         2783    .bss                usbd_cdc_if.o
    0x20002363   COMPRESSED   0x00000001   PAD
    0x20002364        -       0x00000a38   Zero   RW         3045    .bss                ros_main.o
    0x20002d9c        -       0x00000018   Zero   RW         3744    .bss                usbserial.o
    0x20002db4        -       0x00000060   Zero   RW         4238    .bss                c_w.l(libspace.o)
    0x20002e14   COMPRESSED   0x00000004   PAD
    0x20002e18        -       0x00000600   Zero   RW            2    HEAP                startup_stm32f407xx.o
    0x20003418        -       0x00000800   Zero   RW            1    STACK               startup_stm32f407xx.o


==============================================================================

Image component sizes


      Code (inc. data)   RO Data    RW Data    ZI Data      Debug   Object Name

         0          0          0          0          0       4312   duration.o
       100          4          0          0          0        931   gpio.o
       210         10          0          0          0       2060   main.o
      4308        302        823         38       2616      56926   ros_main.o
        64         26        392          0       3584        840   startup_stm32f407xx.o
       212         36          0          9          0       4661   stm32f4xx_hal.o
       304         22          0          0          0      34427   stm32f4xx_hal_cortex.o
       512         46          0          0          0       1768   stm32f4xx_hal_gpio.o
        72          4          0          0          0        946   stm32f4xx_hal_msp.o
      3242         18          0          0          0      12977   stm32f4xx_hal_pcd.o
        90          0          0          0          0       2545   stm32f4xx_hal_pcd_ex.o
      1668         64          0          0          0       4474   stm32f4xx_hal_rcc.o
        48          6          0          0          0       4570   stm32f4xx_it.o
      3696        112          0          0          0      22646   stm32f4xx_ll_usb.o
       100         18         24          4          0     646503   system_stm32f4xx.o
        36          6          0          0          0        916   time.o
        76         16          0          0        668       2463   usb_device.o
       964         24          0        271          0      13546   usbd_cdc.o
       396         60          0         40       6399       6250   usbd_cdc_if.o
       982         18          0          0       1032      15720   usbd_conf.o
       886          0          0          0          0      17673   usbd_core.o
      1944         28          0          1          0      11144   usbd_ctlreq.o
       386        122          0         78        512       6697   usbd_desc.o
       174          0          0          0          0       4812   usbd_ioreq.o
        96         12         24          0         24       3118   usbserial.o

    ----------------------------------------------------------------------
     20596        954       1296        448      14836     882925   Object Totals
         0          0         32          0          0          0   (incl. Generated)
        30          0          1          7          1          0   (incl. Padding)

    ----------------------------------------------------------------------

      Code (inc. data)   RO Data    RW Data    ZI Data      Debug   Library Member Name

        90          0          0          0          0          0   __dczerorl2.o
         8          0          0          0          0         68   __main.o
         0          0          0          0          0          0   __rtentry.o
        12          0          0          0          0          0   __rtentry2.o
         6          0          0          0          0          0   __rtentry4.o
        52          8          0          0          0          0   __scatter.o
        28          0          0          0          0          0   __scatter_zi.o
        10          0          0          0          0         68   defsig_exit.o
        50          0          0          0          0         88   defsig_general.o
        48         34          0          0          0         76   defsig_pvfn_inner.o
        14          0          0          0          0         80   defsig_pvfn_outer.o
        80         58          0          0          0         76   defsig_rtmem_inner.o
        14          0          0          0          0         80   defsig_rtmem_outer.o
        18          0          0          0          0         80   exit.o
        94          0          0          0          0         80   h1_alloc.o
        52          0          0          0          0         68   h1_extend.o
        78          0          0          0          0         80   h1_free.o
        14          0          0          0          0         84   h1_init.o
       184          0          0          0          0         92   h1_realloc.o
         6          0          0          0          0        152   heapauxi.o
         4          0          0          0          0        136   hguard.o
         0          0          0          0          0          0   indicate_semi.o
        36         10          0          0          0         80   init_aeabi.o
       138          0          0          0          0        168   init_alloc.o
         2          0          0          0          0          0   libinit.o
        18          0          0          0          0          0   libinit2.o
         2          0          0          0          0          0   libshutdown.o
         2          0          0          0          0          0   libshutdown2.o
         8          4          0          0         96         68   libspace.o
       238          0          0          0          0        100   lludivv7m.o
         0          0          0          0          0          0   maybetermalloc1.o
         8          4          0          0          0         68   rt_heap_descriptor_intlibspace.o
        78          0          0          0          0         80   rt_memclr_w.o
       138          0          0          0          0         68   rt_memcpy_v6.o
       100          0          0          0          0         80   rt_memcpy_w.o
         2          0          0          0          0          0   rtexit.o
        10          0          0          0          0          0   rtexit2.o
        62          0          0          0          0         76   strlen.o
        12          4          0          0          0         68   sys_exit.o
        74          0          0          0          0         80   sys_stackheap_outer.o
        14          0          0          0          0         76   sys_wrch.o
         2          0          0          0          0         68   use_no_semi.o
         6          0          0          0          0         68   pure_virt.o
        10          0          0          0          0        116   fpinit.o

    ----------------------------------------------------------------------
      1832        122          0          0        100       2572   Library Totals
        10          0          0          0          4          0   (incl. Padding)

    ----------------------------------------------------------------------

      Code (inc. data)   RO Data    RW Data    ZI Data      Debug   Library Name

      1806        122          0          0         96       2388   c_w.l
         6          0          0          0          0         68   cpprt_w.l
        10          0          0          0          0        116   fz_wm.l

    ----------------------------------------------------------------------
      1832        122          0          0        100       2572   Library Totals

    ----------------------------------------------------------------------

==============================================================================


      Code (inc. data)   RO Data    RW Data    ZI Data      Debug   

     22428       1076       1296        448      14936     861945   Grand Totals
     22428       1076       1296        228      14936     861945   ELF Image Totals (compressed)
     22428       1076       1296        228          0          0   ROM Totals

==============================================================================

    Total RO  Size (Code + RO Data)                23724 (  23.17kB)
    Total RW  Size (RW Data + ZI Data)             15384 (  15.02kB)
    Total ROM Size (Code + RO Data + RW Data)      23952 (  23.39kB)

==============================================================================

